[    0.000000] Initializing cgroup subsys cpuset
[    0.000000] Initializing cgroup subsys cpu
[    0.000000] Linux version 3.2.0-32-generic-pae (buildd@roseapple) (gcc version 4.6.3 (Ubuntu/Linaro 4.6.3-1ubuntu5) ) #51-Ubuntu SMP Wed Sep 26 21:54:23 UTC 2012 (Ubuntu 3.2.0-32.51-generic-pae 3.2.30)
[    0.000000] KERNEL supported cpus:
[    0.000000]   Intel GenuineIntel
[    0.000000]   AMD AuthenticAMD
[    0.000000]   NSC Geode by NSC
[    0.000000]   Cyrix CyrixInstead
[    0.000000]   Centaur CentaurHauls
[    0.000000]   Transmeta GenuineTMx86
[    0.000000]   Transmeta TransmetaCPU
[    0.000000]   UMC UMC UMC UMC
[    0.000000] Disabled fast string operations
[    0.000000] BIOS-provided physical RAM map:
[    0.000000]  BIOS-e820: 0000000000000000 - 000000000009f800 (usable)
[    0.000000]  BIOS-e820: 000000000009f800 - 00000000000a0000 (reserved)
[    0.000000]  BIOS-e820: 00000000000ca000 - 00000000000cc000 (reserved)
[    0.000000]  BIOS-e820: 00000000000dc000 - 00000000000e4000 (reserved)
[    0.000000]  BIOS-e820: 00000000000e8000 - 0000000000100000 (reserved)
[    0.000000]  BIOS-e820: 0000000000100000 - 000000001fef0000 (usable)
[    0.000000]  BIOS-e820: 000000001fef0000 - 000000001feff000 (ACPI data)
[    0.000000]  BIOS-e820: 000000001feff000 - 000000001ff00000 (ACPI NVS)
[    0.000000]  BIOS-e820: 000000001ff00000 - 0000000020000000 (usable)
[    0.000000]  BIOS-e820: 00000000e0000000 - 00000000f0000000 (reserved)
[    0.000000]  BIOS-e820: 00000000fec00000 - 00000000fec10000 (reserved)
[    0.000000]  BIOS-e820: 00000000fee00000 - 00000000fee01000 (reserved)
[    0.000000]  BIOS-e820: 00000000fffe0000 - 0000000100000000 (reserved)
[    0.000000] NX (Execute Disable) protection: active
[    0.000000] DMI present.
[    0.000000] DMI: VMware, Inc. VMware Virtual Platform/440BX Desktop Reference Platform, BIOS 6.00 12/31/2009
[    0.000000] Hypervisor detected: VMware
[    0.000000] e820 update range: 0000000000000000 - 0000000000010000 (usable) ==> (reserved)
[    0.000000] e820 remove range: 00000000000a0000 - 0000000000100000 (usable)
[    0.000000] last_pfn = 0x20000 max_arch_pfn = 0x1000000
[    0.000000] MTRR default type: uncachable
[    0.000000] MTRR fixed ranges enabled:
[    0.000000]   00000-9FFFF write-back
[    0.000000]   A0000-BFFFF uncachable
[    0.000000]   C0000-CBFFF write-protect
[    0.000000]   CC000-EFFFF uncachable
[    0.000000]   F0000-FFFFF write-protect
[    0.000000] MTRR variable ranges enabled:
[    0.000000]   0 base 0000000000 mask 00E0000000 write-back
[    0.000000]   1 disabled
[    0.000000]   2 disabled
[    0.000000]   3 disabled
[    0.000000]   4 disabled
[    0.000000]   5 disabled
[    0.000000]   6 disabled
[    0.000000]   7 disabled
[    0.000000] PAT not supported by CPU.
[    0.000000] mtrr: your BIOS has configured an incorrect mask, fixing it.
[    0.000000] mtrr: your BIOS has configured an incorrect mask, fixing it.
[    0.000000] found SMP MP-table at [c00f69b0] f69b0
[    0.000000] initial memory mapped : 0 - 02000000
[    0.000000] Base memory trampoline at [c009b000] 9b000 size 16384
[    0.000000] init_memory_mapping: 0000000000000000-0000000020000000
[    0.000000]  0000000000 - 0000200000 page 4k
[    0.000000]  0000200000 - 0020000000 page 2M
[    0.000000] kernel direct mapping tables up to 20000000 @ 1ffc000-2000000
[    0.000000] RAMDISK: 1e922000 - 1f6a3000
[    0.000000] ACPI: RSDP 000f6940 00024 (v02 PTLTD )
[    0.000000] ACPI: XSDT 1fef0804 0004C (v01 INTEL  440BX    06040000 VMW  01324272)
[    0.000000] ACPI: FACP 1fefee98 000F4 (v04 INTEL  440BX    06040000 PTL  000F4240)
[    0.000000] ACPI: DSDT 1fef09bc 0E4DC (v01 PTLTD  Custom   06040000 MSFT 03000001)
[    0.000000] ACPI: FACS 1fefffc0 00040
[    0.000000] ACPI: BOOT 1fef0994 00028 (v01 PTLTD  $SBFTBL$ 06040000  LTP 00000001)
[    0.000000] ACPI: APIC 1fef0944 00050 (v01 PTLTD  ? APIC   06040000  LTP 00000000)
[    0.000000] ACPI: MCFG 1fef0908 0003C (v01 PTLTD  $PCITBL$ 06040000  LTP 00000001)
[    0.000000] ACPI: SRAT 1fef0888 00080 (v02 VMWARE MEMPLUG  06040000 VMW  00000001)
[    0.000000] ACPI: Local APIC address 0xfee00000
[    0.000000] 0MB HIGHMEM available.
[    0.000000] 512MB LOWMEM available.
[    0.000000]   mapped low ram: 0 - 20000000
[    0.000000]   low ram: 0 - 20000000
[    0.000000] Zone PFN ranges:
[    0.000000]   DMA      0x00000010 -> 0x00001000
[    0.000000]   Normal   0x00001000 -> 0x00020000
[    0.000000]   HighMem  empty
[    0.000000] Movable zone start PFN for each node
[    0.000000] early_node_map[3] active PFN ranges
[    0.000000]     0: 0x00000010 -> 0x0000009f
[    0.000000]     0: 0x00000100 -> 0x0001fef0
[    0.000000]     0: 0x0001ff00 -> 0x00020000
[    0.000000] On node 0 totalpages: 130943
[    0.000000] free_area_init_node: node 0, pgdat c1868a80, node_mem_map dfaf0200
[    0.000000]   DMA zone: 32 pages used for memmap
[    0.000000]   DMA zone: 0 pages reserved
[    0.000000]   DMA zone: 3951 pages, LIFO batch:0
[    0.000000]   Normal zone: 992 pages used for memmap
[    0.000000]   Normal zone: 125968 pages, LIFO batch:31
[    0.000000] Using APIC driver default
[    0.000000] ACPI: PM-Timer IO Port: 0x1008
[    0.000000] ACPI: Local APIC address 0xfee00000
[    0.000000] ACPI: LAPIC (acpi_id[0x00] lapic_id[0x00] enabled)
[    0.000000] ACPI: LAPIC_NMI (acpi_id[0x00] high edge lint[0x1])
[    0.000000] ACPI: IOAPIC (id[0x01] address[0xfec00000] gsi_base[0])
[    0.000000] IOAPIC[0]: apic_id 1, version 17, address 0xfec00000, GSI 0-23
[    0.000000] ACPI: INT_SRC_OVR (bus 0 bus_irq 0 global_irq 2 high edge)
[    0.000000] ACPI: IRQ0 used by override.
[    0.000000] ACPI: IRQ2 used by override.
[    0.000000] ACPI: IRQ9 used by override.
[    0.000000] Using ACPI (MADT) for SMP configuration information
[    0.000000] SMP: Allowing 1 CPUs, 0 hotplug CPUs
[    0.000000] nr_irqs_gsi: 40
[    0.000000] PM: Registered nosave memory: 000000000009f000 - 00000000000a0000
[    0.000000] PM: Registered nosave memory: 00000000000a0000 - 00000000000ca000
[    0.000000] PM: Registered nosave memory: 00000000000ca000 - 00000000000cc000
[    0.000000] PM: Registered nosave memory: 00000000000cc000 - 00000000000dc000
[    0.000000] PM: Registered nosave memory: 00000000000dc000 - 00000000000e4000
[    0.000000] PM: Registered nosave memory: 00000000000e4000 - 00000000000e8000
[    0.000000] PM: Registered nosave memory: 00000000000e8000 - 0000000000100000
[    0.000000] PM: Registered nosave memory: 000000001fef0000 - 000000001feff000
[    0.000000] PM: Registered nosave memory: 000000001feff000 - 000000001ff00000
[    0.000000] Allocating PCI resources starting at 20000000 (gap: 20000000:c0000000)
[    0.000000] Booting paravirtualized kernel on bare hardware
[    0.000000] setup_percpu: NR_CPUS:8 nr_cpumask_bits:8 nr_cpu_ids:1 nr_node_ids:1
[    0.000000] PERCPU: Embedded 14 pages/cpu @dffec000 s34240 r0 d23104 u57344
[    0.000000] pcpu-alloc: s34240 r0 d23104 u57344 alloc=14*4096
[    0.000000] pcpu-alloc: [0] 0 
[    0.000000] Built 1 zonelists in Zone order, mobility grouping on.  Total pages: 129919
[    0.000000] Kernel command line: BOOT_IMAGE=/boot/vmlinuz-3.2.0-32-generic-pae root=UUID=594434a5-c251-47dc-9fba-7a76ccfbe906 ro splash quiet
[    0.000000] PID hash table entries: 2048 (order: 1, 8192 bytes)
[    0.000000] Dentry cache hash table entries: 65536 (order: 6, 262144 bytes)
[    0.000000] Inode-cache hash table entries: 32768 (order: 5, 131072 bytes)
[    0.000000] Initializing CPU#0
[    0.000000] allocated 2096896 bytes of page_cgroup
[    0.000000] please try 'cgroup_disable=memory' option if you don't want memory cgroups
[    0.000000] Initializing HighMem for node 0 (00000000:00000000)
[    0.000000] Memory: 492952k/524288k available (5820k kernel code, 30820k reserved, 2844k data, 740k init, 0k highmem)
[    0.000000] virtual kernel memory layout:
[    0.000000]     fixmap  : 0xfff16000 - 0xfffff000   ( 932 kB)
[    0.000000]     pkmap   : 0xffc00000 - 0xffe00000   (2048 kB)
[    0.000000]     vmalloc : 0xe0800000 - 0xffbfe000   ( 499 MB)
[    0.000000]     lowmem  : 0xc0000000 - 0xe0000000   ( 512 MB)
[    0.000000]       .init : 0xc1877000 - 0xc1930000   ( 740 kB)
[    0.000000]       .data : 0xc15af13c - 0xc1876280   (2844 kB)
[    0.000000]       .text : 0xc1000000 - 0xc15af13c   (5820 kB)
[    0.000000] Checking if this processor honours the WP bit even in supervisor mode...Ok.
[    0.000000] SLUB: Genslabs=15, HWalign=64, Order=0-3, MinObjects=0, CPUs=1, Nodes=1
[    0.000000] Hierarchical RCU implementation.
[    0.000000] 	RCU dyntick-idle grace-period acceleration is enabled.
[    0.000000] NR_IRQS:2304 nr_irqs:256 16
[    0.000000] CPU 0 irqstacks, hard=de408000 soft=de40a000
[    0.000000] Extended CMOS year: 2000
[    0.000000] Console: colour VGA+ 80x25
[    0.000000] console [tty0] enabled
[    0.000000] TSC freq read from hypervisor : 1833.000 MHz
[    0.000000] Detected 1833.000 MHz processor.
[    0.000305] Calibrating delay loop (skipped) preset value.. 3666.00 BogoMIPS (lpj=7332000)
[    0.000536] pid_max: default: 32768 minimum: 301
[    0.001234] Security Framework initialized
[    0.002828] AppArmor: AppArmor initialized
[    0.002870] Yama: becoming mindful.
[    0.009239] Mount-cache hash table entries: 512
[    0.017517] Initializing cgroup subsys cpuacct
[    0.017645] Initializing cgroup subsys memory
[    0.018269] Initializing cgroup subsys devices
[    0.018345] Initializing cgroup subsys freezer
[    0.018394] Initializing cgroup subsys blkio
[    0.018445] Initializing cgroup subsys perf_event
[    0.019264] Disabled fast string operations
[    0.019869] mce: CPU supports 0 MCE banks
[    0.059112] SMP alternatives: switching to UP code
[    0.453068] Freeing SMP alternatives: 24k freed
[    0.454136] ACPI: Core revision 20110623
[    0.500723] ftrace: allocating 26564 entries in 52 pages
[    0.517168] Enabling APIC mode:  Flat.  Using 1 I/O APICs
[    0.522656] ..TIMER: vector=0x30 apic1=0 pin1=2 apic2=-1 pin2=-1
[    0.562718] CPU0: Genuine Intel(R) CPU           T2400  @ 1.83GHz stepping 08
[    0.564034] APIC calibration not consistent with PM-Timer: 101ms instead of 100ms
[    0.564034] APIC delta adjusted to PM-Timer: 412503 (417158)
[    0.564034] Performance Events: Core events, Broken PMU hardware detected, using software events only.
[    0.570249] NMI watchdog disabled (cpu0): hardware events not enabled
[    0.570535] Brought up 1 CPUs
[    0.570619] Total of 1 processors activated (3666.00 BogoMIPS).
[    0.587757] devtmpfs: initialized
[    0.592986] EVM: security.selinux
[    0.592996] EVM: security.SMACK64
[    0.593000] EVM: security.capability
[    0.593824] PM: Registering ACPI NVS region at 1feff000 (4096 bytes)
[    0.602106] print_constraints: dummy: 
[    0.603205] RTC time:  9:22:49, date: 10/28/12
[    0.604944] NET: Registered protocol family 16
[    0.608083] EISA bus registered
[    0.609317] ACPI: bus type pci registered
[    0.611777] PCI: MMCONFIG for domain 0000 [bus 00-ff] at [mem 0xe0000000-0xefffffff] (base 0xe0000000)
[    0.612082] PCI: MMCONFIG at [mem 0xe0000000-0xefffffff] reserved in E820
[    0.612144] PCI: Using MMCONFIG for extended config space
[    0.612218] PCI: Using configuration type 1 for base access
[    0.618535] bio: create slab <bio-0> at 0
[    0.620741] ACPI: Added _OSI(Module Device)
[    0.620755] ACPI: Added _OSI(Processor Device)
[    0.620761] ACPI: Added _OSI(3.0 _SCP Extensions)
[    0.620767] ACPI: Added _OSI(Processor Aggregator Device)
[    0.644975] ACPI: EC: Look up EC in DSDT
[    0.700633] [Firmware Bug]: ACPI: BIOS _OSI(Linux) query ignored
[    0.716094] ACPI: Interpreter enabled
[    0.716152] ACPI: (supports S0 S1 S4 S5)
[    0.716833] ACPI: Using IOAPIC for interrupt routing
[    0.825122] ACPI: No dock devices found.
[    0.825203] HEST: Table not found.
[    0.825302] PCI: Using host bridge windows from ACPI; if necessary, use "pci=nocrs" and report a bug
[    0.829118] ACPI: PCI Root Bridge [PCI0] (domain 0000 [bus 00-ff])
[    0.832877] pci_root PNP0A03:00: host bridge window [mem 0x000a0000-0x000bffff]
[    0.832909] pci_root PNP0A03:00: host bridge window [mem 0x000cc000-0x000cffff]
[    0.832918] pci_root PNP0A03:00: host bridge window [mem 0x000d0000-0x000d3fff]
[    0.832925] pci_root PNP0A03:00: host bridge window [mem 0x000d4000-0x000d7fff]
[    0.832933] pci_root PNP0A03:00: host bridge window [mem 0x000d8000-0x000dbfff]
[    0.832940] pci_root PNP0A03:00: host bridge window [mem 0x000e4000-0x000e7fff]
[    0.832948] pci_root PNP0A03:00: host bridge window [mem 0x20000000-0xfebfffff]
[    0.832992] pci_root PNP0A03:00: host bridge window [io  0x0000-0x0cf7]
[    0.833000] pci_root PNP0A03:00: host bridge window [io  0x0d00-0xfeff]
[    0.834327] pci 0000:00:00.0: [8086:7190] type 0 class 0x000600
[    0.836381] pci 0000:00:01.0: [8086:7191] type 1 class 0x000604
[    0.837066] pci 0000:00:07.0: [8086:7110] type 0 class 0x000601
[    0.837686] pci 0000:00:07.1: [8086:7111] type 0 class 0x000101
[    0.840116] pci 0000:00:07.1: reg 20: [io  0x10c0-0x10cf]
[    0.841260] pci 0000:00:07.3: [8086:7113] type 0 class 0x000680
[    0.842042] pci 0000:00:07.3: quirk: [io  0x1000-0x103f] claimed by PIIX4 ACPI
[    0.842096] pci 0000:00:07.3: quirk: [io  0x1040-0x104f] claimed by PIIX4 SMB
[    0.842410] pci 0000:00:07.7: [15ad:0740] type 0 class 0x000880
[    0.842924] pci 0000:00:07.7: reg 10: [io  0x1080-0x10bf]
[    0.845914] pci 0000:00:0f.0: [15ad:0405] type 0 class 0x000300
[    0.848952] pci 0000:00:0f.0: reg 10: [io  0x10d0-0x10df]
[    0.853020] pci 0000:00:0f.0: reg 14: [mem 0xd0000000-0xd7ffffff]
[    0.856969] pci 0000:00:0f.0: reg 18: [mem 0xd8000000-0xd87fffff]
[    0.877054] pci 0000:00:0f.0: reg 30: [mem 0x00000000-0x00007fff pref]
[    0.877399] pci 0000:00:10.0: [1000:0030] type 0 class 0x000100
[    0.880074] pci 0000:00:10.0: reg 10: [io  0x1400-0x14ff]
[    0.881425] pci 0000:00:10.0: reg 14: [mem 0xd8820000-0xd883ffff 64bit]
[    0.882651] pci 0000:00:10.0: reg 1c: [mem 0xd8800000-0xd881ffff 64bit]
[    0.884527] pci 0000:00:10.0: reg 30: [mem 0x00000000-0x00003fff pref]
[    0.884702] pci 0000:00:11.0: [15ad:0790] type 1 class 0x000604
[    0.885481] pci 0000:00:15.0: [15ad:07a0] type 1 class 0x000604
[    0.886504] pci 0000:00:15.0: PME# supported from D0 D3hot D3cold
[    0.886663] pci 0000:00:15.0: PME# disabled
[    0.886985] pci 0000:00:15.1: [15ad:07a0] type 1 class 0x000604
[    0.888082] pci 0000:00:15.1: PME# supported from D0 D3hot D3cold
[    0.888110] pci 0000:00:15.1: PME# disabled
[    0.888345] pci 0000:00:15.2: [15ad:07a0] type 1 class 0x000604
[    0.889076] pci 0000:00:15.2: PME# supported from D0 D3hot D3cold
[    0.889103] pci 0000:00:15.2: PME# disabled
[    0.889334] pci 0000:00:15.3: [15ad:07a0] type 1 class 0x000604
[    0.890060] pci 0000:00:15.3: PME# supported from D0 D3hot D3cold
[    0.890087] pci 0000:00:15.3: PME# disabled
[    0.890318] pci 0000:00:15.4: [15ad:07a0] type 1 class 0x000604
[    0.891035] pci 0000:00:15.4: PME# supported from D0 D3hot D3cold
[    0.891063] pci 0000:00:15.4: PME# disabled
[    0.891320] pci 0000:00:15.5: [15ad:07a0] type 1 class 0x000604
[    0.892075] pci 0000:00:15.5: PME# supported from D0 D3hot D3cold
[    0.892103] pci 0000:00:15.5: PME# disabled
[    0.892335] pci 0000:00:15.6: [15ad:07a0] type 1 class 0x000604
[    0.893060] pci 0000:00:15.6: PME# supported from D0 D3hot D3cold
[    0.893087] pci 0000:00:15.6: PME# disabled
[    0.893318] pci 0000:00:15.7: [15ad:07a0] type 1 class 0x000604
[    0.894046] pci 0000:00:15.7: PME# supported from D0 D3hot D3cold
[    0.894073] pci 0000:00:15.7: PME# disabled
[    0.894303] pci 0000:00:16.0: [15ad:07a0] type 1 class 0x000604
[    0.895022] pci 0000:00:16.0: PME# supported from D0 D3hot D3cold
[    0.895066] pci 0000:00:16.0: PME# disabled
[    0.895297] pci 0000:00:16.1: [15ad:07a0] type 1 class 0x000604
[    0.896016] pci 0000:00:16.1: PME# supported from D0 D3hot D3cold
[    0.896063] pci 0000:00:16.1: PME# disabled
[    0.896309] pci 0000:00:16.2: [15ad:07a0] type 1 class 0x000604
[    0.897545] pci 0000:00:16.2: PME# supported from D0 D3hot D3cold
[    0.897575] pci 0000:00:16.2: PME# disabled
[    0.897810] pci 0000:00:16.3: [15ad:07a0] type 1 class 0x000604
[    0.898539] pci 0000:00:16.3: PME# supported from D0 D3hot D3cold
[    0.898568] pci 0000:00:16.3: PME# disabled
[    0.898813] pci 0000:00:16.4: [15ad:07a0] type 1 class 0x000604
[    0.899538] pci 0000:00:16.4: PME# supported from D0 D3hot D3cold
[    0.899565] pci 0000:00:16.4: PME# disabled
[    0.899813] pci 0000:00:16.5: [15ad:07a0] type 1 class 0x000604
[    0.901059] pci 0000:00:16.5: PME# supported from D0 D3hot D3cold
[    0.901089] pci 0000:00:16.5: PME# disabled
[    0.901335] pci 0000:00:16.6: [15ad:07a0] type 1 class 0x000604
[    0.902064] pci 0000:00:16.6: PME# supported from D0 D3hot D3cold
[    0.902092] pci 0000:00:16.6: PME# disabled
[    0.902324] pci 0000:00:16.7: [15ad:07a0] type 1 class 0x000604
[    0.903060] pci 0000:00:16.7: PME# supported from D0 D3hot D3cold
[    0.903087] pci 0000:00:16.7: PME# disabled
[    0.903318] pci 0000:00:17.0: [15ad:07a0] type 1 class 0x000604
[    0.904118] pci 0000:00:17.0: PME# supported from D0 D3hot D3cold
[    0.904146] pci 0000:00:17.0: PME# disabled
[    0.904377] pci 0000:00:17.1: [15ad:07a0] type 1 class 0x000604
[    0.905112] pci 0000:00:17.1: PME# supported from D0 D3hot D3cold
[    0.905140] pci 0000:00:17.1: PME# disabled
[    0.905371] pci 0000:00:17.2: [15ad:07a0] type 1 class 0x000604
[    0.906088] pci 0000:00:17.2: PME# supported from D0 D3hot D3cold
[    0.906115] pci 0000:00:17.2: PME# disabled
[    0.906375] pci 0000:00:17.3: [15ad:07a0] type 1 class 0x000604
[    0.907093] pci 0000:00:17.3: PME# supported from D0 D3hot D3cold
[    0.907120] pci 0000:00:17.3: PME# disabled
[    0.907351] pci 0000:00:17.4: [15ad:07a0] type 1 class 0x000604
[    0.908197] pci 0000:00:17.4: PME# supported from D0 D3hot D3cold
[    0.908225] pci 0000:00:17.4: PME# disabled
[    0.908472] pci 0000:00:17.5: [15ad:07a0] type 1 class 0x000604
[    0.909194] pci 0000:00:17.5: PME# supported from D0 D3hot D3cold
[    0.909222] pci 0000:00:17.5: PME# disabled
[    0.909453] pci 0000:00:17.6: [15ad:07a0] type 1 class 0x000604
[    0.910178] pci 0000:00:17.6: PME# supported from D0 D3hot D3cold
[    0.910205] pci 0000:00:17.6: PME# disabled
[    0.910435] pci 0000:00:17.7: [15ad:07a0] type 1 class 0x000604
[    0.911151] pci 0000:00:17.7: PME# supported from D0 D3hot D3cold
[    0.911178] pci 0000:00:17.7: PME# disabled
[    0.911417] pci 0000:00:18.0: [15ad:07a0] type 1 class 0x000604
[    0.912455] pci 0000:00:18.0: PME# supported from D0 D3hot D3cold
[    0.912484] pci 0000:00:18.0: PME# disabled
[    0.912719] pci 0000:00:18.1: [15ad:07a0] type 1 class 0x000604
[    0.913449] pci 0000:00:18.1: PME# supported from D0 D3hot D3cold
[    0.913477] pci 0000:00:18.1: PME# disabled
[    0.913804] pci 0000:00:18.2: [15ad:07a0] type 1 class 0x000604
[    0.914529] pci 0000:00:18.2: PME# supported from D0 D3hot D3cold
[    0.914556] pci 0000:00:18.2: PME# disabled
[    0.914788] pci 0000:00:18.3: [15ad:07a0] type 1 class 0x000604
[    0.915525] pci 0000:00:18.3: PME# supported from D0 D3hot D3cold
[    0.915554] pci 0000:00:18.3: PME# disabled
[    0.915786] pci 0000:00:18.4: [15ad:07a0] type 1 class 0x000604
[    0.916669] pci 0000:00:18.4: PME# supported from D0 D3hot D3cold
[    0.916697] pci 0000:00:18.4: PME# disabled
[    0.916942] pci 0000:00:18.5: [15ad:07a0] type 1 class 0x000604
[    0.917670] pci 0000:00:18.5: PME# supported from D0 D3hot D3cold
[    0.917697] pci 0000:00:18.5: PME# disabled
[    0.917933] pci 0000:00:18.6: [15ad:07a0] type 1 class 0x000604
[    0.918650] pci 0000:00:18.6: PME# supported from D0 D3hot D3cold
[    0.918677] pci 0000:00:18.6: PME# disabled
[    0.918912] pci 0000:00:18.7: [15ad:07a0] type 1 class 0x000604
[    0.919738] pci 0000:00:18.7: PME# supported from D0 D3hot D3cold
[    0.919766] pci 0000:00:18.7: PME# disabled
[    0.921041] pci 0000:00:01.0: PCI bridge to [bus 01-01]
[    0.921655] pci 0000:02:00.0: [1022:2000] type 0 class 0x000200
[    0.922155] pci 0000:02:00.0: reg 10: [io  0x2000-0x207f]
[    0.928990] pci 0000:02:00.0: reg 30: [mem 0x00000000-0x0000ffff pref]
[    0.929687] pci 0000:02:02.0: [1022:2000] type 0 class 0x000200
[    0.930475] pci 0000:02:02.0: reg 10: [io  0x2080-0x20ff]
[    0.934131] pci 0000:02:02.0: reg 30: [mem 0x00000000-0x0000ffff pref]
[    0.935007] pci 0000:00:11.0: PCI bridge to [bus 02-02] (subtractive decode)
[    0.935075] pci 0000:00:11.0:   bridge window [io  0x2000-0x3fff]
[    0.935129] pci 0000:00:11.0:   bridge window [mem 0xd9200000-0xd9cfffff]
[    0.935243] pci 0000:00:11.0:   bridge window [mem 0xdc100000-0xdc6fffff 64bit pref]
[    0.935305] pci 0000:00:11.0:   bridge window [mem 0x000a0000-0x000bffff] (subtractive decode)
[    0.935315] pci 0000:00:11.0:   bridge window [mem 0x000cc000-0x000cffff] (subtractive decode)
[    0.935323] pci 0000:00:11.0:   bridge window [mem 0x000d0000-0x000d3fff] (subtractive decode)
[    0.935330] pci 0000:00:11.0:   bridge window [mem 0x000d4000-0x000d7fff] (subtractive decode)
[    0.935338] pci 0000:00:11.0:   bridge window [mem 0x000d8000-0x000dbfff] (subtractive decode)
[    0.935345] pci 0000:00:11.0:   bridge window [mem 0x000e4000-0x000e7fff] (subtractive decode)
[    0.935352] pci 0000:00:11.0:   bridge window [mem 0x20000000-0xfebfffff] (subtractive decode)
[    0.935360] pci 0000:00:11.0:   bridge window [io  0x0000-0x0cf7] (subtractive decode)
[    0.935367] pci 0000:00:11.0:   bridge window [io  0x0d00-0xfeff] (subtractive decode)
[    0.935972] pci 0000:00:15.0: PCI bridge to [bus 03-03]
[    0.936003] pci 0000:00:15.0:   bridge window [io  0x4000-0x4fff]
[    0.936087] pci 0000:00:15.0:   bridge window [mem 0xd9d00000-0xd9dfffff]
[    0.936136] pci 0000:00:15.0:   bridge window [mem 0xdc700000-0xdc7fffff 64bit pref]
[    0.936676] pci 0000:00:15.1: PCI bridge to [bus 04-04]
[    0.936704] pci 0000:00:15.1:   bridge window [io  0x8000-0x8fff]
[    0.936732] pci 0000:00:15.1:   bridge window [mem 0xda100000-0xda1fffff]
[    0.936779] pci 0000:00:15.1:   bridge window [mem 0xdcb00000-0xdcbfffff 64bit pref]
[    0.937279] pci 0000:00:15.2: PCI bridge to [bus 05-05]
[    0.937306] pci 0000:00:15.2:   bridge window [io  0xc000-0xcfff]
[    0.937334] pci 0000:00:15.2:   bridge window [mem 0xda500000-0xda5fffff]
[    0.937381] pci 0000:00:15.2:   bridge window [mem 0xdcf00000-0xdcffffff 64bit pref]
[    0.937897] pci 0000:00:15.3: PCI bridge to [bus 06-06]
[    0.937945] pci 0000:00:15.3:   bridge window [mem 0xda900000-0xda9fffff]
[    0.937993] pci 0000:00:15.3:   bridge window [mem 0xdd300000-0xdd3fffff 64bit pref]
[    0.938937] pci 0000:00:15.4: PCI bridge to [bus 07-07]
[    0.938986] pci 0000:00:15.4:   bridge window [mem 0xdad00000-0xdadfffff]
[    0.939034] pci 0000:00:15.4:   bridge window [mem 0xdd700000-0xdd7fffff 64bit pref]
[    0.939551] pci 0000:00:15.5: PCI bridge to [bus 08-08]
[    0.939599] pci 0000:00:15.5:   bridge window [mem 0xdb100000-0xdb1fffff]
[    0.939646] pci 0000:00:15.5:   bridge window [mem 0xddb00000-0xddbfffff 64bit pref]
[    0.940218] pci 0000:00:15.6: PCI bridge to [bus 09-09]
[    0.940265] pci 0000:00:15.6:   bridge window [mem 0xdb500000-0xdb5fffff]
[    0.940313] pci 0000:00:15.6:   bridge window [mem 0xddf00000-0xddffffff 64bit pref]
[    0.940815] pci 0000:00:15.7: PCI bridge to [bus 0a-0a]
[    0.940862] pci 0000:00:15.7:   bridge window [mem 0xdb900000-0xdb9fffff]
[    0.940909] pci 0000:00:15.7:   bridge window [mem 0xde300000-0xde3fffff 64bit pref]
[    0.941427] pci 0000:00:16.0: PCI bridge to [bus 0b-0b]
[    0.941455] pci 0000:00:16.0:   bridge window [io  0x5000-0x5fff]
[    0.941483] pci 0000:00:16.0:   bridge window [mem 0xd9e00000-0xd9efffff]
[    0.941530] pci 0000:00:16.0:   bridge window [mem 0xdc800000-0xdc8fffff 64bit pref]
[    0.942090] pci 0000:00:16.1: PCI bridge to [bus 0c-0c]
[    0.942154] pci 0000:00:16.1:   bridge window [io  0x9000-0x9fff]
[    0.942220] pci 0000:00:16.1:   bridge window [mem 0xda200000-0xda2fffff]
[    0.942271] pci 0000:00:16.1:   bridge window [mem 0xdcc00000-0xdccfffff 64bit pref]
[    0.942907] pci 0000:00:16.2: PCI bridge to [bus 0d-0d]
[    0.942937] pci 0000:00:16.2:   bridge window [io  0xd000-0xdfff]
[    0.942965] pci 0000:00:16.2:   bridge window [mem 0xda600000-0xda6fffff]
[    0.943012] pci 0000:00:16.2:   bridge window [mem 0xdd000000-0xdd0fffff 64bit pref]
[    0.943517] pci 0000:00:16.3: PCI bridge to [bus 0e-0e]
[    0.943565] pci 0000:00:16.3:   bridge window [mem 0xdaa00000-0xdaafffff]
[    0.943612] pci 0000:00:16.3:   bridge window [mem 0xdd400000-0xdd4fffff 64bit pref]
[    0.944180] pci 0000:00:16.4: PCI bridge to [bus 0f-0f]
[    0.944228] pci 0000:00:16.4:   bridge window [mem 0xdae00000-0xdaefffff]
[    0.944275] pci 0000:00:16.4:   bridge window [mem 0xdd800000-0xdd8fffff 64bit pref]
[    0.944777] pci 0000:00:16.5: PCI bridge to [bus 10-10]
[    0.944824] pci 0000:00:16.5:   bridge window [mem 0xdb200000-0xdb2fffff]
[    0.944871] pci 0000:00:16.5:   bridge window [mem 0xddc00000-0xddcfffff 64bit pref]
[    0.945384] pci 0000:00:16.6: PCI bridge to [bus 11-11]
[    0.945432] pci 0000:00:16.6:   bridge window [mem 0xdb600000-0xdb6fffff]
[    0.945480] pci 0000:00:16.6:   bridge window [mem 0xde000000-0xde0fffff 64bit pref]
[    0.945982] pci 0000:00:16.7: PCI bridge to [bus 12-12]
[    0.946029] pci 0000:00:16.7:   bridge window [mem 0xdba00000-0xdbafffff]
[    0.946077] pci 0000:00:16.7:   bridge window [mem 0xde400000-0xde4fffff 64bit pref]
[    0.946577] pci 0000:00:17.0: PCI bridge to [bus 13-13]
[    0.946605] pci 0000:00:17.0:   bridge window [io  0x6000-0x6fff]
[    0.946632] pci 0000:00:17.0:   bridge window [mem 0xd9f00000-0xd9ffffff]
[    0.946679] pci 0000:00:17.0:   bridge window [mem 0xdc900000-0xdc9fffff 64bit pref]
[    0.947179] pci 0000:00:17.1: PCI bridge to [bus 14-14]
[    0.947207] pci 0000:00:17.1:   bridge window [io  0xa000-0xafff]
[    0.947235] pci 0000:00:17.1:   bridge window [mem 0xda300000-0xda3fffff]
[    0.947282] pci 0000:00:17.1:   bridge window [mem 0xdcd00000-0xdcdfffff 64bit pref]
[    0.947797] pci 0000:00:17.2: PCI bridge to [bus 15-15]
[    0.947826] pci 0000:00:17.2:   bridge window [io  0xe000-0xefff]
[    0.947855] pci 0000:00:17.2:   bridge window [mem 0xda700000-0xda7fffff]
[    0.947902] pci 0000:00:17.2:   bridge window [mem 0xdd100000-0xdd1fffff 64bit pref]
[    0.948459] pci 0000:00:17.3: PCI bridge to [bus 16-16]
[    0.948506] pci 0000:00:17.3:   bridge window [mem 0xdab00000-0xdabfffff]
[    0.948554] pci 0000:00:17.3:   bridge window [mem 0xdd500000-0xdd5fffff 64bit pref]
[    0.949132] pci 0000:00:17.4: PCI bridge to [bus 17-17]
[    0.949180] pci 0000:00:17.4:   bridge window [mem 0xdaf00000-0xdaffffff]
[    0.949227] pci 0000:00:17.4:   bridge window [mem 0xdd900000-0xdd9fffff 64bit pref]
[    0.949735] pci 0000:00:17.5: PCI bridge to [bus 18-18]
[    0.949782] pci 0000:00:17.5:   bridge window [mem 0xdb300000-0xdb3fffff]
[    0.949829] pci 0000:00:17.5:   bridge window [mem 0xddd00000-0xdddfffff 64bit pref]
[    0.950330] pci 0000:00:17.6: PCI bridge to [bus 19-19]
[    0.950377] pci 0000:00:17.6:   bridge window [mem 0xdb700000-0xdb7fffff]
[    0.950425] pci 0000:00:17.6:   bridge window [mem 0xde100000-0xde1fffff 64bit pref]
[    0.950923] pci 0000:00:17.7: PCI bridge to [bus 1a-1a]
[    0.950970] pci 0000:00:17.7:   bridge window [mem 0xdbb00000-0xdbbfffff]
[    0.951022] pci 0000:00:17.7:   bridge window [mem 0xde500000-0xde5fffff 64bit pref]
[    0.951527] pci 0000:00:18.0: PCI bridge to [bus 1b-1b]
[    0.951555] pci 0000:00:18.0:   bridge window [io  0x7000-0x7fff]
[    0.951583] pci 0000:00:18.0:   bridge window [mem 0xda000000-0xda0fffff]
[    0.951630] pci 0000:00:18.0:   bridge window [mem 0xdca00000-0xdcafffff 64bit pref]
[    0.952161] pci 0000:00:18.1: PCI bridge to [bus 1c-1c]
[    0.952189] pci 0000:00:18.1:   bridge window [io  0xb000-0xbfff]
[    0.952217] pci 0000:00:18.1:   bridge window [mem 0xda400000-0xda4fffff]
[    0.952264] pci 0000:00:18.1:   bridge window [mem 0xdce00000-0xdcefffff 64bit pref]
[    0.952777] pci 0000:00:18.2: PCI bridge to [bus 1d-1d]
[    0.952805] pci 0000:00:18.2:   bridge window [io  0xf000-0xffff]
[    0.952833] pci 0000:00:18.2:   bridge window [mem 0xda800000-0xda8fffff]
[    0.952880] pci 0000:00:18.2:   bridge window [mem 0xdd200000-0xdd2fffff 64bit pref]
[    0.953379] pci 0000:00:18.3: PCI bridge to [bus 1e-1e]
[    0.953425] pci 0000:00:18.3:   bridge window [mem 0xdac00000-0xdacfffff]
[    0.953473] pci 0000:00:18.3:   bridge window [mem 0xdd600000-0xdd6fffff 64bit pref]
[    0.953983] pci 0000:00:18.4: PCI bridge to [bus 1f-1f]
[    0.954030] pci 0000:00:18.4:   bridge window [mem 0xdb000000-0xdb0fffff]
[    0.954077] pci 0000:00:18.4:   bridge window [mem 0xdda00000-0xddafffff 64bit pref]
[    0.954577] pci 0000:00:18.5: PCI bridge to [bus 20-20]
[    0.954624] pci 0000:00:18.5:   bridge window [mem 0xdb400000-0xdb4fffff]
[    0.954672] pci 0000:00:18.5:   bridge window [mem 0xdde00000-0xddefffff 64bit pref]
[    0.955219] pci 0000:00:18.6: PCI bridge to [bus 21-21]
[    0.955267] pci 0000:00:18.6:   bridge window [mem 0xdb800000-0xdb8fffff]
[    0.955315] pci 0000:00:18.6:   bridge window [mem 0xde200000-0xde2fffff 64bit pref]
[    0.955819] pci 0000:00:18.7: PCI bridge to [bus 22-22]
[    0.955866] pci 0000:00:18.7:   bridge window [mem 0xdbc00000-0xdbcfffff]
[    0.955913] pci 0000:00:18.7:   bridge window [mem 0xde600000-0xde6fffff 64bit pref]
[    0.959902] pci_bus 0000:00: on NUMA node 0
[    0.960216] ACPI: PCI Interrupt Routing Table [\_SB_.PCI0._PRT]
[    0.964114]  pci0000:00: Requesting ACPI _OSC control (0x1d)
[    0.964916]  pci0000:00: ACPI _OSC control (0x15) granted
[    1.160629] ACPI: PCI Interrupt Link [LNKA] (IRQs 3 4 5 6 7 *9 10 11 14 15)
[    1.160979] ACPI: PCI Interrupt Link [LNKB] (IRQs 3 4 5 6 7 9 10 *11 14 15)
[    1.161123] ACPI: PCI Interrupt Link [LNKC] (IRQs 3 4 5 6 7 9 *10 11 14 15)
[    1.161265] ACPI: PCI Interrupt Link [LNKD] (IRQs 3 4 5 6 7 9 10 11 14 15) *0, disabled.
[    1.164589] vgaarb: device added: PCI:0000:00:0f.0,decodes=io+mem,owns=io+mem,locks=none
[    1.164678] vgaarb: loaded
[    1.164728] vgaarb: bridge control possible 0000:00:0f.0
[    1.165638] i2c-core: driver [aat2870] using legacy suspend method
[    1.165658] i2c-core: driver [aat2870] using legacy resume method
[    1.166623] SCSI subsystem initialized
[    1.167216] libata version 3.00 loaded.
[    1.167842] usbcore: registered new interface driver usbfs
[    1.168103] usbcore: registered new interface driver hub
[    1.168360] usbcore: registered new device driver usb
[    1.169797] PCI: Using ACPI for IRQ routing
[    1.234509] PCI: pci_cache_line_size set to 64 bytes
[    1.234780] pci 0000:00:18.2: no compatible bridge window for [io  0xf000-0xffff]
[    1.236800] reserve RAM buffer: 000000000009f800 - 000000000009ffff 
[    1.236956] reserve RAM buffer: 000000001fef0000 - 000000001fffffff 
[    1.243367] NetLabel: Initializing
[    1.243391] NetLabel:  domain hash size = 128
[    1.243406] NetLabel:  protocols = UNLABELED CIPSOv4
[    1.244471] NetLabel:  unlabeled traffic allowed by default
[    1.334125] AppArmor: AppArmor Filesystem Enabled
[    1.334507] pnp: PnP ACPI init
[    1.334637] ACPI: bus type pnp registered
[    1.338148] pnp 00:00: [bus 00-ff]
[    1.338272] pnp 00:00: [mem 0x000a0000-0x000bffff window]
[    1.338306] pnp 00:00: [mem 0x000c0000-0x000c3fff window]
[    1.338314] pnp 00:00: [mem 0x000c4000-0x000c7fff window]
[    1.338330] pnp 00:00: [mem 0x000c8000-0x000cbfff window]
[    1.338340] pnp 00:00: [mem 0x000cc000-0x000cffff window]
[    1.338347] pnp 00:00: [mem 0x000d0000-0x000d3fff window]
[    1.338355] pnp 00:00: [mem 0x000d4000-0x000d7fff window]
[    1.338362] pnp 00:00: [mem 0x000d8000-0x000dbfff window]
[    1.338369] pnp 00:00: [mem 0x000dc000-0x000dffff window]
[    1.338376] pnp 00:00: [mem 0x000e0000-0x000e3fff window]
[    1.338383] pnp 00:00: [mem 0x000e4000-0x000e7fff window]
[    1.338390] pnp 00:00: [mem 0x000e8000-0x000ebfff window]
[    1.338398] pnp 00:00: [mem 0x000ec000-0x000effff window]
[    1.338405] pnp 00:00: [mem 0x20000000-0xfebfffff window]
[    1.338493] pnp 00:00: [io  0x0cf8-0x0cff]
[    1.338569] pnp 00:00: [io  0x0000-0x0cf7 window]
[    1.338590] pnp 00:00: [io  0x0d00-0xfeff window]
[    1.339390] pnp 00:00: Plug and Play ACPI device, IDs PNP0a03 PNP0a08 (active)
[    1.339602] pnp 00:01: [io  0x0010-0x001f]
[    1.339610] pnp 00:01: [io  0x0024-0x0025]
[    1.339616] pnp 00:01: [io  0x0028-0x0029]
[    1.339622] pnp 00:01: [io  0x002c-0x002d]
[    1.339628] pnp 00:01: [io  0x002e-0x002f]
[    1.339634] pnp 00:01: [io  0x0030-0x0031]
[    1.339640] pnp 00:01: [io  0x0034-0x0035]
[    1.339646] pnp 00:01: [io  0x0038-0x0039]
[    1.339652] pnp 00:01: [io  0x003c-0x003d]
[    1.339658] pnp 00:01: [io  0x0050-0x0053]
[    1.339664] pnp 00:01: [io  0x0072-0x0077]
[    1.339673] pnp 00:01: [io  0x0080]
[    1.339680] pnp 00:01: [io  0x0090-0x009f]
[    1.339686] pnp 00:01: [io  0x00a4-0x00a5]
[    1.339692] pnp 00:01: [io  0x00a8-0x00a9]
[    1.339698] pnp 00:01: [io  0x00ac-0x00ad]
[    1.339704] pnp 00:01: [io  0x00b0-0x00b5]
[    1.339710] pnp 00:01: [io  0x00b8-0x00b9]
[    1.339716] pnp 00:01: [io  0x00bc-0x00bd]
[    1.339722] pnp 00:01: [io  0x1000-0x103f]
[    1.339728] pnp 00:01: [io  0x1040-0x104f]
[    1.339734] pnp 00:01: [io  0x0cf0-0x0cf1]
[    1.341859] system 00:01: [io  0x1000-0x103f] has been reserved
[    1.341883] system 00:01: [io  0x1040-0x104f] has been reserved
[    1.341894] system 00:01: [io  0x0cf0-0x0cf1] has been reserved
[    1.341962] system 00:01: Plug and Play ACPI device, IDs PNP0c02 (active)
[    1.342053] pnp 00:02: [io  0x0000-0x000f]
[    1.342060] pnp 00:02: [io  0x0081-0x008f]
[    1.342067] pnp 00:02: [io  0x00c0-0x00df]
[    1.342215] pnp 00:02: [dma 4]
[    1.342304] pnp 00:02: Plug and Play ACPI device, IDs PNP0200 (active)
[    1.342332] pnp 00:03: [io  0x0020-0x0021]
[    1.342339] pnp 00:03: [io  0x00a0-0x00a1]
[    1.342345] pnp 00:03: [io  0x04d0-0x04d1]
[    1.342472] pnp 00:03: [irq 2 disabled]
[    1.342583] pnp 00:03: Plug and Play ACPI device, IDs PNP0001 (active)
[    1.342627] pnp 00:04: [io  0x0070-0x0071]
[    1.343066] pnp 00:04: [irq 8]
[    1.343166] pnp 00:04: Plug and Play ACPI device, IDs PNP0b00 (active)
[    1.343192] pnp 00:05: [io  0x0061]
[    1.343255] pnp 00:05: Plug and Play ACPI device, IDs PNP0800 (active)
[    1.343280] pnp 00:06: [io  0x0060]
[    1.343286] pnp 00:06: [io  0x0064]
[    1.343305] pnp 00:06: [irq 1]
[    1.343368] pnp 00:06: Plug and Play ACPI device, IDs PNP0303 (active)
[    1.343403] pnp 00:07: [irq 12]
[    1.343476] pnp 00:07: Plug and Play ACPI device, IDs PNP0f13 (active)
[    1.359873] pnp 00:08: [io  0x0378-0x037f]
[    1.359973] pnp 00:08: [irq 7]
[    1.365298] pnp 00:08: Plug and Play ACPI device, IDs PNP0400 (active)
[    1.376295] pnp 00:09: [io  0x03f8-0x03ff]
[    1.376366] pnp 00:09: [irq 4]
[    1.380324] pnp 00:09: Plug and Play ACPI device, IDs PNP0501 (active)
[    1.388274] pnp 00:0a: [io  0x02f8-0x02ff]
[    1.388333] pnp 00:0a: [irq 3]
[    1.391151] pnp 00:0a: Plug and Play ACPI device, IDs PNP0501 (active)
[    1.404321] pnp 00:0b: [io  0x03f0-0x03f5]
[    1.404335] pnp 00:0b: [io  0x03f7]
[    1.404950] pnp 00:0b: [irq 6]
[    1.404992] pnp 00:0b: [dma 2]
[    1.408409] pnp 00:0b: Plug and Play ACPI device, IDs PNP0700 (active)
[    1.411271] pnp 00:0c: [mem 0xe0000000-0xefffffff]
[    1.411348] pnp 00:0c: [io  0x1060-0x107f]
[    1.411356] pnp 00:0c: [mem 0xd8a00000-0xd8bfffff]
[    1.412190] system 00:0c: [io  0x1060-0x107f] has been reserved
[    1.412345] system 00:0c: [mem 0xe0000000-0xefffffff] has been reserved
[    1.412371] system 00:0c: [mem 0xd8a00000-0xd8bfffff] has been reserved
[    1.412386] system 00:0c: Plug and Play ACPI device, IDs PNP0c02 (active)
[    1.427305] pnp: PnP ACPI: found 13 devices
[    1.427396] ACPI: ACPI bus type pnp unregistered
[    1.427478] PnPBIOS: Disabled by ACPI PNP
[    1.472155] Switching to clocksource acpi_pm
[    1.472401] PCI: max bus depth: 1 pci_try_num: 2
[    1.472463] pci 0000:00:0f.0: BAR 6: assigned [mem 0x20000000-0x20007fff pref]
[    1.472525] pci 0000:00:10.0: BAR 6: assigned [mem 0x20008000-0x2000bfff pref]
[    1.472588] pci 0000:00:18.7: BAR 13: can't assign io (size 0x1000)
[    1.472648] pci 0000:00:18.6: BAR 13: can't assign io (size 0x1000)
[    1.472658] pci 0000:00:18.5: BAR 13: can't assign io (size 0x1000)
[    1.472667] pci 0000:00:18.4: BAR 13: can't assign io (size 0x1000)
[    1.472676] pci 0000:00:18.3: BAR 13: can't assign io (size 0x1000)
[    1.472685] pci 0000:00:18.2: BAR 13: can't assign io (size 0x1000)
[    1.472694] pci 0000:00:17.7: BAR 13: can't assign io (size 0x1000)
[    1.472703] pci 0000:00:17.6: BAR 13: can't assign io (size 0x1000)
[    1.472712] pci 0000:00:17.5: BAR 13: can't assign io (size 0x1000)
[    1.472721] pci 0000:00:17.4: BAR 13: can't assign io (size 0x1000)
[    1.472730] pci 0000:00:17.3: BAR 13: can't assign io (size 0x1000)
[    1.472739] pci 0000:00:16.7: BAR 13: can't assign io (size 0x1000)
[    1.472748] pci 0000:00:16.6: BAR 13: can't assign io (size 0x1000)
[    1.472757] pci 0000:00:16.5: BAR 13: can't assign io (size 0x1000)
[    1.472766] pci 0000:00:16.4: BAR 13: can't assign io (size 0x1000)
[    1.472775] pci 0000:00:16.3: BAR 13: can't assign io (size 0x1000)
[    1.472784] pci 0000:00:15.7: BAR 13: can't assign io (size 0x1000)
[    1.472792] pci 0000:00:15.6: BAR 13: can't assign io (size 0x1000)
[    1.472801] pci 0000:00:15.5: BAR 13: can't assign io (size 0x1000)
[    1.472810] pci 0000:00:15.4: BAR 13: can't assign io (size 0x1000)
[    1.472819] pci 0000:00:15.3: BAR 13: can't assign io (size 0x1000)
[    1.472882] pci 0000:00:01.0: PCI bridge to [bus 01-01]
[    1.472944] pci 0000:02:00.0: BAR 6: assigned [mem 0xdc100000-0xdc10ffff pref]
[    1.472956] pci 0000:02:02.0: BAR 6: assigned [mem 0xdc110000-0xdc11ffff pref]
[    1.472967] pci 0000:00:11.0: PCI bridge to [bus 02-02]
[    1.473019] pci 0000:00:11.0:   bridge window [io  0x2000-0x3fff]
[    1.473081] pci 0000:00:11.0:   bridge window [mem 0xd9200000-0xd9cfffff]
[    1.473137] pci 0000:00:11.0:   bridge window [mem 0xdc100000-0xdc6fffff 64bit pref]
[    1.473188] pci 0000:00:15.0: PCI bridge to [bus 03-03]
[    1.473207] pci 0000:00:15.0:   bridge window [io  0x4000-0x4fff]
[    1.473244] pci 0000:00:15.0:   bridge window [mem 0xd9d00000-0xd9dfffff]
[    1.473273] pci 0000:00:15.0:   bridge window [mem 0xdc700000-0xdc7fffff 64bit pref]
[    1.473335] pci 0000:00:15.1: PCI bridge to [bus 04-04]
[    1.473356] pci 0000:00:15.1:   bridge window [io  0x8000-0x8fff]
[    1.473393] pci 0000:00:15.1:   bridge window [mem 0xda100000-0xda1fffff]
[    1.473422] pci 0000:00:15.1:   bridge window [mem 0xdcb00000-0xdcbfffff 64bit pref]
[    1.473484] pci 0000:00:15.2: PCI bridge to [bus 05-05]
[    1.473505] pci 0000:00:15.2:   bridge window [io  0xc000-0xcfff]
[    1.473542] pci 0000:00:15.2:   bridge window [mem 0xda500000-0xda5fffff]
[    1.473578] pci 0000:00:15.2:   bridge window [mem 0xdcf00000-0xdcffffff 64bit pref]
[    1.473641] pci 0000:00:15.3: PCI bridge to [bus 06-06]
[    1.473680] pci 0000:00:15.3:   bridge window [mem 0xda900000-0xda9fffff]
[    1.473709] pci 0000:00:15.3:   bridge window [mem 0xdd300000-0xdd3fffff 64bit pref]
[    1.473772] pci 0000:00:15.4: PCI bridge to [bus 07-07]
[    1.473811] pci 0000:00:15.4:   bridge window [mem 0xdad00000-0xdadfffff]
[    1.473840] pci 0000:00:15.4:   bridge window [mem 0xdd700000-0xdd7fffff 64bit pref]
[    1.473903] pci 0000:00:15.5: PCI bridge to [bus 08-08]
[    1.473942] pci 0000:00:15.5:   bridge window [mem 0xdb100000-0xdb1fffff]
[    1.473971] pci 0000:00:15.5:   bridge window [mem 0xddb00000-0xddbfffff 64bit pref]
[    1.474033] pci 0000:00:15.6: PCI bridge to [bus 09-09]
[    1.474072] pci 0000:00:15.6:   bridge window [mem 0xdb500000-0xdb5fffff]
[    1.474101] pci 0000:00:15.6:   bridge window [mem 0xddf00000-0xddffffff 64bit pref]
[    1.474164] pci 0000:00:15.7: PCI bridge to [bus 0a-0a]
[    1.474203] pci 0000:00:15.7:   bridge window [mem 0xdb900000-0xdb9fffff]
[    1.474232] pci 0000:00:15.7:   bridge window [mem 0xde300000-0xde3fffff 64bit pref]
[    1.474294] pci 0000:00:16.0: PCI bridge to [bus 0b-0b]
[    1.474315] pci 0000:00:16.0:   bridge window [io  0x5000-0x5fff]
[    1.474352] pci 0000:00:16.0:   bridge window [mem 0xd9e00000-0xd9efffff]
[    1.474381] pci 0000:00:16.0:   bridge window [mem 0xdc800000-0xdc8fffff 64bit pref]
[    1.474443] pci 0000:00:16.1: PCI bridge to [bus 0c-0c]
[    1.474463] pci 0000:00:16.1:   bridge window [io  0x9000-0x9fff]
[    1.474501] pci 0000:00:16.1:   bridge window [mem 0xda200000-0xda2fffff]
[    1.474530] pci 0000:00:16.1:   bridge window [mem 0xdcc00000-0xdccfffff 64bit pref]
[    1.474592] pci 0000:00:16.2: PCI bridge to [bus 0d-0d]
[    1.474612] pci 0000:00:16.2:   bridge window [io  0xd000-0xdfff]
[    1.474650] pci 0000:00:16.2:   bridge window [mem 0xda600000-0xda6fffff]
[    1.474690] pci 0000:00:16.2:   bridge window [mem 0xdd000000-0xdd0fffff 64bit pref]
[    1.474752] pci 0000:00:16.3: PCI bridge to [bus 0e-0e]
[    1.474792] pci 0000:00:16.3:   bridge window [mem 0xdaa00000-0xdaafffff]
[    1.474821] pci 0000:00:16.3:   bridge window [mem 0xdd400000-0xdd4fffff 64bit pref]
[    1.474883] pci 0000:00:16.4: PCI bridge to [bus 0f-0f]
[    1.474922] pci 0000:00:16.4:   bridge window [mem 0xdae00000-0xdaefffff]
[    1.474951] pci 0000:00:16.4:   bridge window [mem 0xdd800000-0xdd8fffff 64bit pref]
[    1.475014] pci 0000:00:16.5: PCI bridge to [bus 10-10]
[    1.475053] pci 0000:00:16.5:   bridge window [mem 0xdb200000-0xdb2fffff]
[    1.475082] pci 0000:00:16.5:   bridge window [mem 0xddc00000-0xddcfffff 64bit pref]
[    1.475144] pci 0000:00:16.6: PCI bridge to [bus 11-11]
[    1.475183] pci 0000:00:16.6:   bridge window [mem 0xdb600000-0xdb6fffff]
[    1.475212] pci 0000:00:16.6:   bridge window [mem 0xde000000-0xde0fffff 64bit pref]
[    1.475275] pci 0000:00:16.7: PCI bridge to [bus 12-12]
[    1.475314] pci 0000:00:16.7:   bridge window [mem 0xdba00000-0xdbafffff]
[    1.475343] pci 0000:00:16.7:   bridge window [mem 0xde400000-0xde4fffff 64bit pref]
[    1.475405] pci 0000:00:17.0: PCI bridge to [bus 13-13]
[    1.475426] pci 0000:00:17.0:   bridge window [io  0x6000-0x6fff]
[    1.475463] pci 0000:00:17.0:   bridge window [mem 0xd9f00000-0xd9ffffff]
[    1.475492] pci 0000:00:17.0:   bridge window [mem 0xdc900000-0xdc9fffff 64bit pref]
[    1.475554] pci 0000:00:17.1: PCI bridge to [bus 14-14]
[    1.475574] pci 0000:00:17.1:   bridge window [io  0xa000-0xafff]
[    1.475611] pci 0000:00:17.1:   bridge window [mem 0xda300000-0xda3fffff]
[    1.475640] pci 0000:00:17.1:   bridge window [mem 0xdcd00000-0xdcdfffff 64bit pref]
[    1.475703] pci 0000:00:17.2: PCI bridge to [bus 15-15]
[    1.475723] pci 0000:00:17.2:   bridge window [io  0xe000-0xefff]
[    1.475776] pci 0000:00:17.2:   bridge window [mem 0xda700000-0xda7fffff]
[    1.475805] pci 0000:00:17.2:   bridge window [mem 0xdd100000-0xdd1fffff 64bit pref]
[    1.475867] pci 0000:00:17.3: PCI bridge to [bus 16-16]
[    1.475907] pci 0000:00:17.3:   bridge window [mem 0xdab00000-0xdabfffff]
[    1.475936] pci 0000:00:17.3:   bridge window [mem 0xdd500000-0xdd5fffff 64bit pref]
[    1.475998] pci 0000:00:17.4: PCI bridge to [bus 17-17]
[    1.476037] pci 0000:00:17.4:   bridge window [mem 0xdaf00000-0xdaffffff]
[    1.476063] pci 0000:00:17.4:   bridge window [mem 0xdd900000-0xdd9fffff 64bit pref]
[    1.476212] pci 0000:00:17.5: PCI bridge to [bus 18-18]
[    1.476253] pci 0000:00:17.5:   bridge window [mem 0xdb300000-0xdb3fffff]
[    1.476283] pci 0000:00:17.5:   bridge window [mem 0xddd00000-0xdddfffff 64bit pref]
[    1.476328] pci 0000:00:17.6: PCI bridge to [bus 19-19]
[    1.476367] pci 0000:00:17.6:   bridge window [mem 0xdb700000-0xdb7fffff]
[    1.476396] pci 0000:00:17.6:   bridge window [mem 0xde100000-0xde1fffff 64bit pref]
[    1.476441] pci 0000:00:17.7: PCI bridge to [bus 1a-1a]
[    1.476481] pci 0000:00:17.7:   bridge window [mem 0xdbb00000-0xdbbfffff]
[    1.476510] pci 0000:00:17.7:   bridge window [mem 0xde500000-0xde5fffff 64bit pref]
[    1.476555] pci 0000:00:18.0: PCI bridge to [bus 1b-1b]
[    1.476577] pci 0000:00:18.0:   bridge window [io  0x7000-0x7fff]
[    1.476623] pci 0000:00:18.0:   bridge window [mem 0xda000000-0xda0fffff]
[    1.476668] pci 0000:00:18.0:   bridge window [mem 0xdca00000-0xdcafffff 64bit pref]
[    1.476713] pci 0000:00:18.1: PCI bridge to [bus 1c-1c]
[    1.476734] pci 0000:00:18.1:   bridge window [io  0xb000-0xbfff]
[    1.476772] pci 0000:00:18.1:   bridge window [mem 0xda400000-0xda4fffff]
[    1.476801] pci 0000:00:18.1:   bridge window [mem 0xdce00000-0xdcefffff 64bit pref]
[    1.476846] pci 0000:00:18.2: PCI bridge to [bus 1d-1d]
[    1.476886] pci 0000:00:18.2:   bridge window [mem 0xda800000-0xda8fffff]
[    1.476915] pci 0000:00:18.2:   bridge window [mem 0xdd200000-0xdd2fffff 64bit pref]
[    1.476960] pci 0000:00:18.3: PCI bridge to [bus 1e-1e]
[    1.476999] pci 0000:00:18.3:   bridge window [mem 0xdac00000-0xdacfffff]
[    1.477028] pci 0000:00:18.3:   bridge window [mem 0xdd600000-0xdd6fffff 64bit pref]
[    1.477074] pci 0000:00:18.4: PCI bridge to [bus 1f-1f]
[    1.477113] pci 0000:00:18.4:   bridge window [mem 0xdb000000-0xdb0fffff]
[    1.477142] pci 0000:00:18.4:   bridge window [mem 0xdda00000-0xddafffff 64bit pref]
[    1.477187] pci 0000:00:18.5: PCI bridge to [bus 20-20]
[    1.477227] pci 0000:00:18.5:   bridge window [mem 0xdb400000-0xdb4fffff]
[    1.477256] pci 0000:00:18.5:   bridge window [mem 0xdde00000-0xddefffff 64bit pref]
[    1.477301] pci 0000:00:18.6: PCI bridge to [bus 21-21]
[    1.477341] pci 0000:00:18.6:   bridge window [mem 0xdb800000-0xdb8fffff]
[    1.477370] pci 0000:00:18.6:   bridge window [mem 0xde200000-0xde2fffff 64bit pref]
[    1.477415] pci 0000:00:18.7: PCI bridge to [bus 22-22]
[    1.477455] pci 0000:00:18.7:   bridge window [mem 0xdbc00000-0xdbcfffff]
[    1.477484] pci 0000:00:18.7:   bridge window [mem 0xde600000-0xde6fffff 64bit pref]
[    1.477529] pci 0000:00:01.0: setting latency timer to 64
[    1.477574] pci 0000:00:15.0: setting latency timer to 64
[    1.477619] pci 0000:00:15.1: setting latency timer to 64
[    1.477665] pci 0000:00:15.2: setting latency timer to 64
[    1.477710] pci 0000:00:15.3: setting latency timer to 64
[    1.477755] pci 0000:00:15.4: setting latency timer to 64
[    1.477800] pci 0000:00:15.5: setting latency timer to 64
[    1.477846] pci 0000:00:15.6: setting latency timer to 64
[    1.477891] pci 0000:00:15.7: setting latency timer to 64
[    1.477936] pci 0000:00:16.0: setting latency timer to 64
[    1.477981] pci 0000:00:16.1: setting latency timer to 64
[    1.478027] pci 0000:00:16.2: setting latency timer to 64
[    1.478072] pci 0000:00:16.3: setting latency timer to 64
[    1.478117] pci 0000:00:16.4: setting latency timer to 64
[    1.478162] pci 0000:00:16.5: setting latency timer to 64
[    1.478208] pci 0000:00:16.6: setting latency timer to 64
[    1.478253] pci 0000:00:16.7: setting latency timer to 64
[    1.478298] pci 0000:00:17.0: setting latency timer to 64
[    1.478343] pci 0000:00:17.1: setting latency timer to 64
[    1.478389] pci 0000:00:17.2: setting latency timer to 64
[    1.478434] pci 0000:00:17.3: setting latency timer to 64
[    1.478479] pci 0000:00:17.4: setting latency timer to 64
[    1.478524] pci 0000:00:17.5: setting latency timer to 64
[    1.478569] pci 0000:00:17.6: setting latency timer to 64
[    1.478615] pci 0000:00:17.7: setting latency timer to 64
[    1.478660] pci 0000:00:18.0: setting latency timer to 64
[    1.478705] pci 0000:00:18.1: setting latency timer to 64
[    1.478750] pci 0000:00:18.2: setting latency timer to 64
[    1.478796] pci 0000:00:18.3: setting latency timer to 64
[    1.478841] pci 0000:00:18.4: setting latency timer to 64
[    1.478886] pci 0000:00:18.5: setting latency timer to 64
[    1.478931] pci 0000:00:18.6: setting latency timer to 64
[    1.478977] pci 0000:00:18.7: setting latency timer to 64
[    1.479022] pci_bus 0000:00: resource 4 [mem 0x000a0000-0x000bffff]
[    1.479037] pci_bus 0000:00: resource 5 [mem 0x000cc000-0x000cffff]
[    1.479045] pci_bus 0000:00: resource 6 [mem 0x000d0000-0x000d3fff]
[    1.479053] pci_bus 0000:00: resource 7 [mem 0x000d4000-0x000d7fff]
[    1.479060] pci_bus 0000:00: resource 8 [mem 0x000d8000-0x000dbfff]
[    1.479068] pci_bus 0000:00: resource 9 [mem 0x000e4000-0x000e7fff]
[    1.479075] pci_bus 0000:00: resource 10 [mem 0x20000000-0xfebfffff]
[    1.479083] pci_bus 0000:00: resource 11 [io  0x0000-0x0cf7]
[    1.479090] pci_bus 0000:00: resource 12 [io  0x0d00-0xfeff]
[    1.479131] pci_bus 0000:02: resource 0 [io  0x2000-0x3fff]
[    1.479139] pci_bus 0000:02: resource 1 [mem 0xd9200000-0xd9cfffff]
[    1.479147] pci_bus 0000:02: resource 2 [mem 0xdc100000-0xdc6fffff 64bit pref]
[    1.479156] pci_bus 0000:02: resource 4 [mem 0x000a0000-0x000bffff]
[    1.479163] pci_bus 0000:02: resource 5 [mem 0x000cc000-0x000cffff]
[    1.479170] pci_bus 0000:02: resource 6 [mem 0x000d0000-0x000d3fff]
[    1.479178] pci_bus 0000:02: resource 7 [mem 0x000d4000-0x000d7fff]
[    1.479185] pci_bus 0000:02: resource 8 [mem 0x000d8000-0x000dbfff]
[    1.479193] pci_bus 0000:02: resource 9 [mem 0x000e4000-0x000e7fff]
[    1.479200] pci_bus 0000:02: resource 10 [mem 0x20000000-0xfebfffff]
[    1.479207] pci_bus 0000:02: resource 11 [io  0x0000-0x0cf7]
[    1.479214] pci_bus 0000:02: resource 12 [io  0x0d00-0xfeff]
[    1.479223] pci_bus 0000:03: resource 0 [io  0x4000-0x4fff]
[    1.479231] pci_bus 0000:03: resource 1 [mem 0xd9d00000-0xd9dfffff]
[    1.479239] pci_bus 0000:03: resource 2 [mem 0xdc700000-0xdc7fffff 64bit pref]
[    1.479262] pci_bus 0000:04: resource 0 [io  0x8000-0x8fff]
[    1.479269] pci_bus 0000:04: resource 1 [mem 0xda100000-0xda1fffff]
[    1.479278] pci_bus 0000:04: resource 2 [mem 0xdcb00000-0xdcbfffff 64bit pref]
[    1.479286] pci_bus 0000:05: resource 0 [io  0xc000-0xcfff]
[    1.479293] pci_bus 0000:05: resource 1 [mem 0xda500000-0xda5fffff]
[    1.479302] pci_bus 0000:05: resource 2 [mem 0xdcf00000-0xdcffffff 64bit pref]
[    1.479310] pci_bus 0000:06: resource 1 [mem 0xda900000-0xda9fffff]
[    1.479318] pci_bus 0000:06: resource 2 [mem 0xdd300000-0xdd3fffff 64bit pref]
[    1.479326] pci_bus 0000:07: resource 1 [mem 0xdad00000-0xdadfffff]
[    1.479335] pci_bus 0000:07: resource 2 [mem 0xdd700000-0xdd7fffff 64bit pref]
[    1.479343] pci_bus 0000:08: resource 1 [mem 0xdb100000-0xdb1fffff]
[    1.479351] pci_bus 0000:08: resource 2 [mem 0xddb00000-0xddbfffff 64bit pref]
[    1.479359] pci_bus 0000:09: resource 1 [mem 0xdb500000-0xdb5fffff]
[    1.479375] pci_bus 0000:09: resource 2 [mem 0xddf00000-0xddffffff 64bit pref]
[    1.479383] pci_bus 0000:0a: resource 1 [mem 0xdb900000-0xdb9fffff]
[    1.479391] pci_bus 0000:0a: resource 2 [mem 0xde300000-0xde3fffff 64bit pref]
[    1.479399] pci_bus 0000:0b: resource 0 [io  0x5000-0x5fff]
[    1.479406] pci_bus 0000:0b: resource 1 [mem 0xd9e00000-0xd9efffff]
[    1.479415] pci_bus 0000:0b: resource 2 [mem 0xdc800000-0xdc8fffff 64bit pref]
[    1.479423] pci_bus 0000:0c: resource 0 [io  0x9000-0x9fff]
[    1.479430] pci_bus 0000:0c: resource 1 [mem 0xda200000-0xda2fffff]
[    1.479438] pci_bus 0000:0c: resource 2 [mem 0xdcc00000-0xdccfffff 64bit pref]
[    1.479446] pci_bus 0000:0d: resource 0 [io  0xd000-0xdfff]
[    1.479453] pci_bus 0000:0d: resource 1 [mem 0xda600000-0xda6fffff]
[    1.479462] pci_bus 0000:0d: resource 2 [mem 0xdd000000-0xdd0fffff 64bit pref]
[    1.479470] pci_bus 0000:0e: resource 1 [mem 0xdaa00000-0xdaafffff]
[    1.479478] pci_bus 0000:0e: resource 2 [mem 0xdd400000-0xdd4fffff 64bit pref]
[    1.479486] pci_bus 0000:0f: resource 1 [mem 0xdae00000-0xdaefffff]
[    1.479495] pci_bus 0000:0f: resource 2 [mem 0xdd800000-0xdd8fffff 64bit pref]
[    1.479502] pci_bus 0000:10: resource 1 [mem 0xdb200000-0xdb2fffff]
[    1.479511] pci_bus 0000:10: resource 2 [mem 0xddc00000-0xddcfffff 64bit pref]
[    1.479519] pci_bus 0000:11: resource 1 [mem 0xdb600000-0xdb6fffff]
[    1.479527] pci_bus 0000:11: resource 2 [mem 0xde000000-0xde0fffff 64bit pref]
[    1.479535] pci_bus 0000:12: resource 1 [mem 0xdba00000-0xdbafffff]
[    1.479544] pci_bus 0000:12: resource 2 [mem 0xde400000-0xde4fffff 64bit pref]
[    1.479551] pci_bus 0000:13: resource 0 [io  0x6000-0x6fff]
[    1.479559] pci_bus 0000:13: resource 1 [mem 0xd9f00000-0xd9ffffff]
[    1.479567] pci_bus 0000:13: resource 2 [mem 0xdc900000-0xdc9fffff 64bit pref]
[    1.479575] pci_bus 0000:14: resource 0 [io  0xa000-0xafff]
[    1.479582] pci_bus 0000:14: resource 1 [mem 0xda300000-0xda3fffff]
[    1.479591] pci_bus 0000:14: resource 2 [mem 0xdcd00000-0xdcdfffff 64bit pref]
[    1.479598] pci_bus 0000:15: resource 0 [io  0xe000-0xefff]
[    1.479605] pci_bus 0000:15: resource 1 [mem 0xda700000-0xda7fffff]
[    1.479614] pci_bus 0000:15: resource 2 [mem 0xdd100000-0xdd1fffff 64bit pref]
[    1.479622] pci_bus 0000:16: resource 1 [mem 0xdab00000-0xdabfffff]
[    1.479630] pci_bus 0000:16: resource 2 [mem 0xdd500000-0xdd5fffff 64bit pref]
[    1.479638] pci_bus 0000:17: resource 1 [mem 0xdaf00000-0xdaffffff]
[    1.479647] pci_bus 0000:17: resource 2 [mem 0xdd900000-0xdd9fffff 64bit pref]
[    1.479654] pci_bus 0000:18: resource 1 [mem 0xdb300000-0xdb3fffff]
[    1.479663] pci_bus 0000:18: resource 2 [mem 0xddd00000-0xdddfffff 64bit pref]
[    1.479671] pci_bus 0000:19: resource 1 [mem 0xdb700000-0xdb7fffff]
[    1.479679] pci_bus 0000:19: resource 2 [mem 0xde100000-0xde1fffff 64bit pref]
[    1.479687] pci_bus 0000:1a: resource 1 [mem 0xdbb00000-0xdbbfffff]
[    1.479696] pci_bus 0000:1a: resource 2 [mem 0xde500000-0xde5fffff 64bit pref]
[    1.479703] pci_bus 0000:1b: resource 0 [io  0x7000-0x7fff]
[    1.479711] pci_bus 0000:1b: resource 1 [mem 0xda000000-0xda0fffff]
[    1.479719] pci_bus 0000:1b: resource 2 [mem 0xdca00000-0xdcafffff 64bit pref]
[    1.479727] pci_bus 0000:1c: resource 0 [io  0xb000-0xbfff]
[    1.479734] pci_bus 0000:1c: resource 1 [mem 0xda400000-0xda4fffff]
[    1.479743] pci_bus 0000:1c: resource 2 [mem 0xdce00000-0xdcefffff 64bit pref]
[    1.479750] pci_bus 0000:1d: resource 1 [mem 0xda800000-0xda8fffff]
[    1.479759] pci_bus 0000:1d: resource 2 [mem 0xdd200000-0xdd2fffff 64bit pref]
[    1.479767] pci_bus 0000:1e: resource 1 [mem 0xdac00000-0xdacfffff]
[    1.479775] pci_bus 0000:1e: resource 2 [mem 0xdd600000-0xdd6fffff 64bit pref]
[    1.479783] pci_bus 0000:1f: resource 1 [mem 0xdb000000-0xdb0fffff]
[    1.479791] pci_bus 0000:1f: resource 2 [mem 0xdda00000-0xddafffff 64bit pref]
[    1.479802] pci_bus 0000:20: resource 1 [mem 0xdb400000-0xdb4fffff]
[    1.479810] pci_bus 0000:20: resource 2 [mem 0xdde00000-0xddefffff 64bit pref]
[    1.479818] pci_bus 0000:21: resource 1 [mem 0xdb800000-0xdb8fffff]
[    1.479827] pci_bus 0000:21: resource 2 [mem 0xde200000-0xde2fffff 64bit pref]
[    1.479835] pci_bus 0000:22: resource 1 [mem 0xdbc00000-0xdbcfffff]
[    1.479843] pci_bus 0000:22: resource 2 [mem 0xde600000-0xde6fffff 64bit pref]
[    1.480079] NET: Registered protocol family 2
[    1.480125] IP route cache hash table entries: 4096 (order: 2, 16384 bytes)
[    1.484077] TCP established hash table entries: 16384 (order: 5, 131072 bytes)
[    1.484122] TCP bind hash table entries: 16384 (order: 5, 131072 bytes)
[    1.484168] TCP: Hash tables configured (established 16384 bind 16384)
[    1.484213] TCP reno registered
[    1.484258] UDP hash table entries: 256 (order: 1, 8192 bytes)
[    1.484303] UDP-Lite hash table entries: 256 (order: 1, 8192 bytes)
[    1.484349] NET: Registered protocol family 1
[    1.484394] pci 0000:00:00.0: Limiting direct PCI/PCI transfers
[    1.484439] pci 0000:00:0f.0: Boot video device
[    1.484484] PCI: CLS 32 bytes, default 64
[    1.484759] Simple Boot Flag at 0x36 set to 0x1
[    1.484804] Switching to clocksource tsc
[    1.485154] audit: initializing netlink socket (disabled)
[    1.485199] type=2000 audit(1351416169.484:1): initialized
[    1.524159] Trying to unpack rootfs image as initramfs...
[    1.560489] HugeTLB registered 2 MB page size, pre-allocated 0 pages
[    1.568428] VFS: Disk quotas dquot_6.5.2
[    1.568473] Dquot-cache hash table entries: 1024 (order 0, 4096 bytes)
[    1.576354] fuse init (API version 7.17)
[    1.576463] msgmni has been set to 962
[    1.592154] Block layer SCSI generic (bsg) driver version 0.4 loaded (major 253)
[    1.592513] io scheduler noop registered
[    1.592558] io scheduler deadline registered
[    1.592604] io scheduler cfq registered (default)
[    1.596075] pcieport 0000:00:15.0: setting latency timer to 64
[    1.596194] pcieport 0000:00:15.0: irq 40 for MSI/MSI-X
[    1.596239] pcieport 0000:00:15.1: setting latency timer to 64
[    1.596284] pcieport 0000:00:15.1: irq 41 for MSI/MSI-X
[    1.596330] pcieport 0000:00:15.2: setting latency timer to 64
[    1.596375] pcieport 0000:00:15.2: irq 42 for MSI/MSI-X
[    1.596420] pcieport 0000:00:15.3: setting latency timer to 64
[    1.596465] pcieport 0000:00:15.3: irq 43 for MSI/MSI-X
[    1.596511] pcieport 0000:00:15.4: setting latency timer to 64
[    1.596556] pcieport 0000:00:15.4: irq 44 for MSI/MSI-X
[    1.596601] pcieport 0000:00:15.5: setting latency timer to 64
[    1.596646] pcieport 0000:00:15.5: irq 45 for MSI/MSI-X
[    1.596692] pcieport 0000:00:15.6: setting latency timer to 64
[    1.596737] pcieport 0000:00:15.6: irq 46 for MSI/MSI-X
[    1.596782] pcieport 0000:00:15.7: setting latency timer to 64
[    1.596827] pcieport 0000:00:15.7: irq 47 for MSI/MSI-X
[    1.596872] pcieport 0000:00:16.0: setting latency timer to 64
[    1.596918] pcieport 0000:00:16.0: irq 48 for MSI/MSI-X
[    1.596963] pcieport 0000:00:16.1: setting latency timer to 64
[    1.597008] pcieport 0000:00:16.1: irq 49 for MSI/MSI-X
[    1.597053] pcieport 0000:00:16.2: setting latency timer to 64
[    1.597099] pcieport 0000:00:16.2: irq 50 for MSI/MSI-X
[    1.597144] pcieport 0000:00:16.3: setting latency timer to 64
[    1.597189] pcieport 0000:00:16.3: irq 51 for MSI/MSI-X
[    1.597234] pcieport 0000:00:16.4: setting latency timer to 64
[    1.597280] pcieport 0000:00:16.4: irq 52 for MSI/MSI-X
[    1.597325] pcieport 0000:00:16.5: setting latency timer to 64
[    1.597370] pcieport 0000:00:16.5: irq 53 for MSI/MSI-X
[    1.597415] pcieport 0000:00:16.6: setting latency timer to 64
[    1.597461] pcieport 0000:00:16.6: irq 54 for MSI/MSI-X
[    1.597506] pcieport 0000:00:16.7: setting latency timer to 64
[    1.597551] pcieport 0000:00:16.7: irq 55 for MSI/MSI-X
[    1.597596] pcieport 0000:00:17.0: setting latency timer to 64
[    1.597642] pcieport 0000:00:17.0: irq 56 for MSI/MSI-X
[    1.597687] pcieport 0000:00:17.1: setting latency timer to 64
[    1.597732] pcieport 0000:00:17.1: irq 57 for MSI/MSI-X
[    1.597777] pcieport 0000:00:17.2: setting latency timer to 64
[    1.597822] pcieport 0000:00:17.2: irq 58 for MSI/MSI-X
[    1.597868] pcieport 0000:00:17.3: setting latency timer to 64
[    1.597913] pcieport 0000:00:17.3: irq 59 for MSI/MSI-X
[    1.597958] pcieport 0000:00:17.4: setting latency timer to 64
[    1.598003] pcieport 0000:00:17.4: irq 60 for MSI/MSI-X
[    1.598049] pcieport 0000:00:17.5: setting latency timer to 64
[    1.598094] pcieport 0000:00:17.5: irq 61 for MSI/MSI-X
[    1.598139] pcieport 0000:00:17.6: setting latency timer to 64
[    1.598184] pcieport 0000:00:17.6: irq 62 for MSI/MSI-X
[    1.598230] pcieport 0000:00:17.7: setting latency timer to 64
[    1.598275] pcieport 0000:00:17.7: irq 63 for MSI/MSI-X
[    1.598320] pcieport 0000:00:18.0: setting latency timer to 64
[    1.598365] pcieport 0000:00:18.0: irq 64 for MSI/MSI-X
[    1.604118] pcieport 0000:00:18.1: setting latency timer to 64
[    1.604163] pcieport 0000:00:18.1: irq 65 for MSI/MSI-X
[    1.604208] pcieport 0000:00:18.2: setting latency timer to 64
[    1.604253] pcieport 0000:00:18.2: irq 66 for MSI/MSI-X
[    1.604299] pcieport 0000:00:18.3: setting latency timer to 64
[    1.604344] pcieport 0000:00:18.3: irq 67 for MSI/MSI-X
[    1.604389] pcieport 0000:00:18.4: setting latency timer to 64
[    1.604434] pcieport 0000:00:18.4: irq 68 for MSI/MSI-X
[    1.604480] pcieport 0000:00:18.5: setting latency timer to 64
[    1.604525] pcieport 0000:00:18.5: irq 69 for MSI/MSI-X
[    1.604570] pcieport 0000:00:18.6: setting latency timer to 64
[    1.604615] pcieport 0000:00:18.6: irq 70 for MSI/MSI-X
[    1.604661] pcieport 0000:00:18.7: setting latency timer to 64
[    1.604706] pcieport 0000:00:18.7: irq 71 for MSI/MSI-X
[    1.604751] pcieport 0000:00:15.0: Signaling PME through PCIe PME interrupt
[    1.604796] pcie_pme 0000:00:15.0:pcie01: service driver pcie_pme loaded
[    1.604841] pcieport 0000:00:15.1: Signaling PME through PCIe PME interrupt
[    1.604873] pcie_pme 0000:00:15.1:pcie01: service driver pcie_pme loaded
[    1.604918] pcieport 0000:00:15.2: Signaling PME through PCIe PME interrupt
[    1.604948] pcie_pme 0000:00:15.2:pcie01: service driver pcie_pme loaded
[    1.604994] pcieport 0000:00:15.3: Signaling PME through PCIe PME interrupt
[    1.605025] pcie_pme 0000:00:15.3:pcie01: service driver pcie_pme loaded
[    1.605070] pcieport 0000:00:15.4: Signaling PME through PCIe PME interrupt
[    1.605100] pcie_pme 0000:00:15.4:pcie01: service driver pcie_pme loaded
[    1.605145] pcieport 0000:00:15.5: Signaling PME through PCIe PME interrupt
[    1.605176] pcie_pme 0000:00:15.5:pcie01: service driver pcie_pme loaded
[    1.605221] pcieport 0000:00:15.6: Signaling PME through PCIe PME interrupt
[    1.605251] pcie_pme 0000:00:15.6:pcie01: service driver pcie_pme loaded
[    1.605296] pcieport 0000:00:15.7: Signaling PME through PCIe PME interrupt
[    1.605340] pcie_pme 0000:00:15.7:pcie01: service driver pcie_pme loaded
[    1.605385] pcieport 0000:00:16.0: Signaling PME through PCIe PME interrupt
[    1.605415] pcie_pme 0000:00:16.0:pcie01: service driver pcie_pme loaded
[    1.605460] pcieport 0000:00:16.1: Signaling PME through PCIe PME interrupt
[    1.605490] pcie_pme 0000:00:16.1:pcie01: service driver pcie_pme loaded
[    1.605535] pcieport 0000:00:16.2: Signaling PME through PCIe PME interrupt
[    1.605567] pcie_pme 0000:00:16.2:pcie01: service driver pcie_pme loaded
[    1.605612] pcieport 0000:00:16.3: Signaling PME through PCIe PME interrupt
[    1.605648] pcie_pme 0000:00:16.3:pcie01: service driver pcie_pme loaded
[    1.605693] pcieport 0000:00:16.4: Signaling PME through PCIe PME interrupt
[    1.605723] pcie_pme 0000:00:16.4:pcie01: service driver pcie_pme loaded
[    1.605768] pcieport 0000:00:16.5: Signaling PME through PCIe PME interrupt
[    1.605798] pcie_pme 0000:00:16.5:pcie01: service driver pcie_pme loaded
[    1.605843] pcieport 0000:00:16.6: Signaling PME through PCIe PME interrupt
[    1.605882] pcie_pme 0000:00:16.6:pcie01: service driver pcie_pme loaded
[    1.605927] pcieport 0000:00:16.7: Signaling PME through PCIe PME interrupt
[    1.605957] pcie_pme 0000:00:16.7:pcie01: service driver pcie_pme loaded
[    1.606003] pcieport 0000:00:17.0: Signaling PME through PCIe PME interrupt
[    1.606033] pcie_pme 0000:00:17.0:pcie01: service driver pcie_pme loaded
[    1.606078] pcieport 0000:00:17.1: Signaling PME through PCIe PME interrupt
[    1.606109] pcie_pme 0000:00:17.1:pcie01: service driver pcie_pme loaded
[    1.606154] pcieport 0000:00:17.2: Signaling PME through PCIe PME interrupt
[    1.606184] pcie_pme 0000:00:17.2:pcie01: service driver pcie_pme loaded
[    1.606229] pcieport 0000:00:17.3: Signaling PME through PCIe PME interrupt
[    1.606259] pcie_pme 0000:00:17.3:pcie01: service driver pcie_pme loaded
[    1.606305] pcieport 0000:00:17.4: Signaling PME through PCIe PME interrupt
[    1.606335] pcie_pme 0000:00:17.4:pcie01: service driver pcie_pme loaded
[    1.606380] pcieport 0000:00:17.5: Signaling PME through PCIe PME interrupt
[    1.606421] pcie_pme 0000:00:17.5:pcie01: service driver pcie_pme loaded
[    1.606467] pcieport 0000:00:17.6: Signaling PME through PCIe PME interrupt
[    1.606497] pcie_pme 0000:00:17.6:pcie01: service driver pcie_pme loaded
[    1.606542] pcieport 0000:00:17.7: Signaling PME through PCIe PME interrupt
[    1.606572] pcie_pme 0000:00:17.7:pcie01: service driver pcie_pme loaded
[    1.606617] pcieport 0000:00:18.0: Signaling PME through PCIe PME interrupt
[    1.606648] pcie_pme 0000:00:18.0:pcie01: service driver pcie_pme loaded
[    1.606693] pcieport 0000:00:18.1: Signaling PME through PCIe PME interrupt
[    1.606723] pcie_pme 0000:00:18.1:pcie01: service driver pcie_pme loaded
[    1.606768] pcieport 0000:00:18.2: Signaling PME through PCIe PME interrupt
[    1.606798] pcie_pme 0000:00:18.2:pcie01: service driver pcie_pme loaded
[    1.606843] pcieport 0000:00:18.3: Signaling PME through PCIe PME interrupt
[    1.606873] pcie_pme 0000:00:18.3:pcie01: service driver pcie_pme loaded
[    1.606919] pcieport 0000:00:18.4: Signaling PME through PCIe PME interrupt
[    1.606949] pcie_pme 0000:00:18.4:pcie01: service driver pcie_pme loaded
[    1.606994] pcieport 0000:00:18.5: Signaling PME through PCIe PME interrupt
[    1.607024] pcie_pme 0000:00:18.5:pcie01: service driver pcie_pme loaded
[    1.607069] pcieport 0000:00:18.6: Signaling PME through PCIe PME interrupt
[    1.607099] pcie_pme 0000:00:18.6:pcie01: service driver pcie_pme loaded
[    1.607145] pcieport 0000:00:18.7: Signaling PME through PCIe PME interrupt
[    1.607176] pcie_pme 0000:00:18.7:pcie01: service driver pcie_pme loaded
[    1.607221] pci_hotplug: PCI Hot Plug PCI Core version: 0.5
[    1.612096] pciehp 0000:00:15.0:pcie04: HPC vendor_id 15ad device_id 7a0 ss_vid 15ad ss_did 7a0
[    1.612141] pciehp 0000:00:15.0:pcie04: service driver pciehp loaded
[    1.612186] pciehp 0000:00:15.1:pcie04: HPC vendor_id 15ad device_id 7a0 ss_vid 15ad ss_did 7a0
[    1.612231] pciehp 0000:00:15.1:pcie04: service driver pciehp loaded
[    1.612277] pciehp 0000:00:15.2:pcie04: HPC vendor_id 15ad device_id 7a0 ss_vid 15ad ss_did 7a0
[    1.612322] pciehp 0000:00:15.2:pcie04: service driver pciehp loaded
[    1.612367] pciehp 0000:00:15.3:pcie04: HPC vendor_id 15ad device_id 7a0 ss_vid 15ad ss_did 7a0
[    1.612412] pciehp 0000:00:15.3:pcie04: service driver pciehp loaded
[    1.612458] pciehp 0000:00:15.4:pcie04: HPC vendor_id 15ad device_id 7a0 ss_vid 15ad ss_did 7a0
[    1.612503] pciehp 0000:00:15.4:pcie04: service driver pciehp loaded
[    1.612548] pciehp 0000:00:15.5:pcie04: HPC vendor_id 15ad device_id 7a0 ss_vid 15ad ss_did 7a0
[    1.612593] pciehp 0000:00:15.5:pcie04: service driver pciehp loaded
[    1.612639] pciehp 0000:00:15.6:pcie04: HPC vendor_id 15ad device_id 7a0 ss_vid 15ad ss_did 7a0
[    1.612684] pciehp 0000:00:15.6:pcie04: service driver pciehp loaded
[    1.612729] pciehp 0000:00:15.7:pcie04: HPC vendor_id 15ad device_id 7a0 ss_vid 15ad ss_did 7a0
[    1.612774] pciehp 0000:00:15.7:pcie04: service driver pciehp loaded
[    1.612820] pciehp 0000:00:16.0:pcie04: HPC vendor_id 15ad device_id 7a0 ss_vid 15ad ss_did 7a0
[    1.612865] pciehp 0000:00:16.0:pcie04: service driver pciehp loaded
[    1.612910] pciehp 0000:00:16.1:pcie04: HPC vendor_id 15ad device_id 7a0 ss_vid 15ad ss_did 7a0
[    1.612955] pciehp 0000:00:16.1:pcie04: service driver pciehp loaded
[    1.613000] pciehp 0000:00:16.2:pcie04: HPC vendor_id 15ad device_id 7a0 ss_vid 15ad ss_did 7a0
[    1.613046] pciehp 0000:00:16.2:pcie04: service driver pciehp loaded
[    1.613091] pciehp 0000:00:16.3:pcie04: HPC vendor_id 15ad device_id 7a0 ss_vid 15ad ss_did 7a0
[    1.613136] pciehp 0000:00:16.3:pcie04: service driver pciehp loaded
[    1.613181] pciehp 0000:00:16.4:pcie04: HPC vendor_id 15ad device_id 7a0 ss_vid 15ad ss_did 7a0
[    1.613227] pciehp 0000:00:16.4:pcie04: service driver pciehp loaded
[    1.613272] pciehp 0000:00:16.5:pcie04: HPC vendor_id 15ad device_id 7a0 ss_vid 15ad ss_did 7a0
[    1.613317] pciehp 0000:00:16.5:pcie04: service driver pciehp loaded
[    1.613362] pciehp 0000:00:16.6:pcie04: HPC vendor_id 15ad device_id 7a0 ss_vid 15ad ss_did 7a0
[    1.613408] pciehp 0000:00:16.6:pcie04: service driver pciehp loaded
[    1.613453] pciehp 0000:00:16.7:pcie04: HPC vendor_id 15ad device_id 7a0 ss_vid 15ad ss_did 7a0
[    1.613498] pciehp 0000:00:16.7:pcie04: service driver pciehp loaded
[    1.613543] pciehp 0000:00:17.0:pcie04: HPC vendor_id 15ad device_id 7a0 ss_vid 15ad ss_did 7a0
[    1.613589] pciehp 0000:00:17.0:pcie04: service driver pciehp loaded
[    1.613634] pciehp 0000:00:17.1:pcie04: HPC vendor_id 15ad device_id 7a0 ss_vid 15ad ss_did 7a0
[    1.613679] pciehp 0000:00:17.1:pcie04: service driver pciehp loaded
[    1.613724] pciehp 0000:00:17.2:pcie04: HPC vendor_id 15ad device_id 7a0 ss_vid 15ad ss_did 7a0
[    1.613770] pciehp 0000:00:17.2:pcie04: service driver pciehp loaded
[    1.613815] pciehp 0000:00:17.3:pcie04: HPC vendor_id 15ad device_id 7a0 ss_vid 15ad ss_did 7a0
[    1.613860] pciehp 0000:00:17.3:pcie04: service driver pciehp loaded
[    1.613905] pciehp 0000:00:17.4:pcie04: HPC vendor_id 15ad device_id 7a0 ss_vid 15ad ss_did 7a0
[    1.613950] pciehp 0000:00:17.4:pcie04: service driver pciehp loaded
[    1.613996] pciehp 0000:00:17.5:pcie04: HPC vendor_id 15ad device_id 7a0 ss_vid 15ad ss_did 7a0
[    1.614041] pciehp 0000:00:17.5:pcie04: service driver pciehp loaded
[    1.614086] pciehp 0000:00:17.6:pcie04: HPC vendor_id 15ad device_id 7a0 ss_vid 15ad ss_did 7a0
[    1.614131] pciehp 0000:00:17.6:pcie04: service driver pciehp loaded
[    1.614177] pciehp 0000:00:17.7:pcie04: HPC vendor_id 15ad device_id 7a0 ss_vid 15ad ss_did 7a0
[    1.614222] pciehp 0000:00:17.7:pcie04: service driver pciehp loaded
[    1.614267] pciehp 0000:00:18.0:pcie04: HPC vendor_id 15ad device_id 7a0 ss_vid 15ad ss_did 7a0
[    1.614312] pciehp 0000:00:18.0:pcie04: service driver pciehp loaded
[    1.614358] pciehp 0000:00:18.1:pcie04: HPC vendor_id 15ad device_id 7a0 ss_vid 15ad ss_did 7a0
[    1.614403] pciehp 0000:00:18.1:pcie04: service driver pciehp loaded
[    1.614448] pciehp 0000:00:18.2:pcie04: HPC vendor_id 15ad device_id 7a0 ss_vid 15ad ss_did 7a0
[    1.614493] pciehp 0000:00:18.2:pcie04: service driver pciehp loaded
[    1.614539] pciehp 0000:00:18.3:pcie04: HPC vendor_id 15ad device_id 7a0 ss_vid 15ad ss_did 7a0
[    1.614584] pciehp 0000:00:18.3:pcie04: service driver pciehp loaded
[    1.614629] pciehp 0000:00:18.4:pcie04: HPC vendor_id 15ad device_id 7a0 ss_vid 15ad ss_did 7a0
[    1.614674] pciehp 0000:00:18.4:pcie04: service driver pciehp loaded
[    1.614720] pciehp 0000:00:18.5:pcie04: HPC vendor_id 15ad device_id 7a0 ss_vid 15ad ss_did 7a0
[    1.614765] pciehp 0000:00:18.5:pcie04: service driver pciehp loaded
[    1.614810] pciehp 0000:00:18.6:pcie04: HPC vendor_id 15ad device_id 7a0 ss_vid 15ad ss_did 7a0
[    1.614855] pciehp 0000:00:18.6:pcie04: service driver pciehp loaded
[    1.614900] pciehp 0000:00:18.7:pcie04: HPC vendor_id 15ad device_id 7a0 ss_vid 15ad ss_did 7a0
[    1.614946] pciehp 0000:00:18.7:pcie04: service driver pciehp loaded
[    1.614991] pciehp: PCI Express Hot Plug Controller Driver version: 0.4
[    1.620122] ACPI: Deprecated procfs I/F for AC is loaded, please retry with CONFIG_ACPI_PROCFS_POWER cleared
[    1.620212] ACPI: AC Adapter [ACAD] (on-line)
[    1.620406] input: Power Button as /devices/LNXSYSTM:00/LNXPWRBN:00/input/input0
[    1.620451] ACPI: Power Button [PWRF]
[    1.692089] ERST: Table is not found!
[    1.692134] GHES: HEST is not enabled!
[    1.692484] Serial: 8250/16550 driver, 32 ports, IRQ sharing enabled
[    1.716067] serial8250: ttyS0 at I/O 0x3f8 (irq = 4) is a 16550A
[    1.720160] isapnp: Scanning for PnP cards...
[    1.815939] serial8250: ttyS1 at I/O 0x2f8 (irq = 3) is a 16550A
[    1.907933] 00:09: ttyS0 at I/O 0x3f8 (irq = 4) is a 16550A
[    1.955946] 00:0a: ttyS1 at I/O 0x2f8 (irq = 3) is a 16550A
[    2.024482] Linux agpgart interface v0.103
[    2.024528] agpgart-intel 0000:00:00.0: Intel 440BX Chipset
[    2.032199] agpgart-intel 0000:00:00.0: AGP aperture is 256M @ 0x0
[    2.041147] brd: module loaded
[    2.041816] loop: module loaded
[    2.048089] ata_piix 0000:00:07.1: version 2.13
[    2.064289] scsi0 : ata_piix
[    2.064488] scsi1 : ata_piix
[    2.064534] ata1: PATA max UDMA/33 cmd 0x1f0 ctl 0x3f6 bmdma 0x10c0 irq 14
[    2.064579] ata2: PATA max UDMA/33 cmd 0x170 ctl 0x376 bmdma 0x10c8 irq 15
[    2.064768] Fixed MDIO Bus: probed
[    2.064813] tun: Universal TUN/TAP device driver, 1.6
[    2.064831] tun: (C) 1999-2004 Max Krasnyansky <maxk@qualcomm.com>
[    2.064967] PPP generic driver version 2.4.2
[    2.065139] ehci_hcd: USB 2.0 'Enhanced' Host Controller (EHCI) Driver
[    2.065184] ohci_hcd: USB 1.1 'Open' Host Controller (OHCI) Driver
[    2.065229] uhci_hcd: USB Universal Host Controller Interface driver
[    2.065275] usbcore: registered new interface driver libusual
[    2.065320] i8042: PNP: PS/2 Controller [PNP0303:KBC,PNP0f13:MOUS] at 0x60,0x64 irq 1,12
[    2.792201] ata2.00: ATAPI: VMware Virtual IDE CDROM Drive, 00000001, max UDMA/33
[    2.796368] ata2.00: configured for UDMA/33
[    3.048773] isapnp: No Plug & Play device found
[    3.056121] scsi 1:0:0:0: CD-ROM            NECVMWar VMware IDE CDR10 1.00 PQ: 0 ANSI: 5
[    3.057487] sr0: scsi3-mmc drive: 1x/1x xa/form2 cdda tray
[    3.057566] cdrom: Uniform CD-ROM driver Revision: 3.20
[    3.057812] sr 1:0:0:0: Attached scsi CD-ROM sr0
[    3.058508] sr 1:0:0:0: Attached scsi generic sg0 type 5
[    3.356277] serio: i8042 KBD port at 0x60,0x64 irq 1
[    3.356402] serio: i8042 AUX port at 0x60,0x64 irq 12
[    3.356840] mousedev: PS/2 mouse device common for all mice
[    3.384188] rtc_cmos 00:04: rtc core: registered rtc_cmos as rtc0
[    3.384266] rtc0: alarms up to one month, y3k, 114 bytes nvram
[    3.384344] device-mapper: uevent: version 1.0.3
[    3.384544] device-mapper: ioctl: 4.22.0-ioctl (2011-10-19) initialised: dm-devel@redhat.com
[    3.384622] EISA: Probing bus 0 at eisa.0
[    3.384700] EISA: Cannot allocate resource for mainboard
[    3.384778] Cannot allocate resource for EISA slot 1
[    3.384802] Cannot allocate resource for EISA slot 2
[    3.384812] Cannot allocate resource for EISA slot 3
[    3.384818] Cannot allocate resource for EISA slot 4
[    3.384823] Cannot allocate resource for EISA slot 5
[    3.384827] Cannot allocate resource for EISA slot 6
[    3.384832] Cannot allocate resource for EISA slot 7
[    3.384837] Cannot allocate resource for EISA slot 8
[    3.384854] EISA: Detected 0 cards.
[    3.385010] cpufreq-nforce2: No nForce2 chipset.
[    3.385089] cpuidle: using governor ladder
[    3.385167] cpuidle: using governor menu
[    3.385202] EFI Variables Facility v0.08 2004-May-17
[    3.385280] TCP cubic registered
[    3.385358] NET: Registered protocol family 10
[    3.392182] NET: Registered protocol family 17
[    3.392260] Registering the dns_resolver key type
[    3.392339] Using IPI No-Shortcut mode
[    3.392759] PM: Hibernation image not present or could not be loaded.
[    3.392837] registered taskstats version 1
[    3.396184] Freeing initrd memory: 13828k freed
[    3.404374] input: AT Translated Set 2 keyboard as /devices/platform/i8042/serio0/input/input1
[    3.436255]   Magic number: 0:904:374
[    3.436461] rtc_cmos 00:04: setting system clock to 2012-10-28 09:22:52 UTC (1351416172)
[    3.436510] BIOS EDD facility v0.16 2004-Jun-25, 0 devices found
[    3.436534] EDD information not available.
[    3.436880] Freeing unused kernel memory: 740k freed
[    3.520165] Write protecting the kernel text: 5824k
[    3.520214] Write protecting the kernel read-only data: 2376k
[    3.520238] NX-protecting the kernel data: 4416k
[    3.558126] udevd[83]: starting version 175
[    3.888400] pcnet32: pcnet32.c:v1.35 21.Apr.2008 tsbogend@alpha.franken.de
[    3.894229] Fusion MPT base driver 3.04.20
[    3.894259] Copyright (c) 1999-2008 LSI Corporation
[    3.904403] Fusion MPT SPI Host driver 3.04.20
[    3.904496] mptspi 0000:00:10.0: PCI INT A -> GSI 17 (level, low) -> IRQ 17
[    3.907635] pcnet32 0000:02:00.0: PCI INT A -> GSI 18 (level, low) -> IRQ 18
[    3.908124] pcnet32: PCnet/PCI II 79C970A at 0x2000, 00:0c:29:9d:fb:d8 assigned IRQ 18
[    3.916270] mptbase: ioc0: Initiating bringup
[    3.924144] Floppy drive(s): fd0 is 1.44M
[    3.952648] FDC 0 is a post-1991 82077
[    3.976197] pcnet32: eth0: registered as PCnet/PCI II 79C970A
[    3.985463] pcnet32 0000:02:02.0: PCI INT A -> GSI 16 (level, low) -> IRQ 16
[    3.985556] pcnet32: PCnet/PCI II 79C970A at 0x2080, 00:0c:29:9d:fb:e2 assigned IRQ 16
[    3.985742] pcnet32: eth1: registered as PCnet/PCI II 79C970A
[    3.985835] pcnet32: 2 cards_found
[    3.988139] ioc0: LSI53C1030 B0: Capabilities={Initiator}
[    4.149669] scsi2 : ioc0: LSI53C1030 B0, FwRev=01032920h, Ports=1, MaxQ=128, IRQ=17
[    4.268127] scsi 2:0:0:0: Direct-Access     VMware,  VMware Virtual S 1.0  PQ: 0 ANSI: 2
[    4.268220] scsi target2:0:0: Beginning Domain Validation
[    4.269914] scsi target2:0:0: Domain Validation skipping write tests
[    4.269972] scsi target2:0:0: Ending Domain Validation
[    4.270158] scsi target2:0:0: FAST-40 WIDE SCSI 80.0 MB/s ST (25 ns, offset 127)
[    4.280131] sd 2:0:0:0: [sda] 41943040 512-byte logical blocks: (21.4 GB/20.0 GiB)
[    4.280410] sd 2:0:0:0: [sda] Write Protect is off
[    4.280503] sd 2:0:0:0: [sda] Mode Sense: 5d 00 00 00
[    4.280782] sd 2:0:0:0: [sda] Cache data unavailable
[    4.280820] sd 2:0:0:0: [sda] Assuming drive cache: write through
[    4.282089] sd 2:0:0:0: [sda] Cache data unavailable
[    4.282098] sd 2:0:0:0: [sda] Assuming drive cache: write through
[    4.285032] sd 2:0:0:0: Attached scsi generic sg1 type 0
[    4.289522]  sda: sda1 sda2 < sda5 >
[    4.293157] sd 2:0:0:0: [sda] Cache data unavailable
[    4.293166] sd 2:0:0:0: [sda] Assuming drive cache: write through
[    4.293195] sd 2:0:0:0: [sda] Attached SCSI disk
[    4.408718] EXT4-fs (sda1): mounted filesystem with ordered data mode. Opts: (null)
[    5.844217] ADDRCONF(NETDEV_UP): eth0: link is not ready
[    5.844266] ADDRCONF(NETDEV_UP): eth1: link is not ready
[    5.917622] udevd[289]: starting version 175
[    6.197084] Adding 522236k swap on /dev/sda5.  Priority:-1 extents:1 across:522236k 
[    6.245273] lp: driver loaded but no devices found
[    6.249321] EXT4-fs (sda1): re-mounted. Opts: errors=remount-ro
[    6.450524] shpchp: Standard Hot Plug PCI Controller Driver version: 0.4
[    6.706427] parport_pc 00:08: reported by Plug and Play ACPI
[    6.706548] parport0: PC-style at 0x378, irq 7 [PCSPP,TRISTATE]
[    6.777061] ACPI: resource piix4_smbus [io  0x1040-0x1047] conflicts with ACPI region SMB_ [io 0x1040-0x104b]
[    6.777094] ACPI: If an ACPI driver is available for this device, you should use it instead of the native driver
[    6.796626] lp0: using parport0 (interrupt-driven).
[    6.957856] [drm] Initialized drm 1.1.0 20060810
[    7.008601] vmwgfx 0000:00:0f.0: PCI INT A -> GSI 16 (level, low) -> IRQ 16
[    7.009340] [drm] Capabilities:
[    7.009373] [drm]   Rect copy.
[    7.009402] [drm]   Cursor.
[    7.009432] [drm]   Cursor bypass.
[    7.009463] [drm]   Cursor bypass 2.
[    7.009492] [drm]   8bit emulation.
[    7.009520] [drm]   Alpha cursor.
[    7.009554] [drm]   Extended Fifo.
[    7.009583] [drm]   Multimon.
[    7.009613] [drm]   Pitchlock.
[    7.009643] [drm]   Irq mask.
[    7.009672] [drm]   Display Topology.
[    7.009701] [drm]   GMR.
[    7.009766] [drm] Max GMR ids is 128
[    7.009794] [drm] Max GMR descriptors is 4096
[    7.009842] [drm] VRAM at 0xd0000000 size is 18432 kiB
[    7.009877] [drm] MMIO at 0xd8000000 size is 2048 kiB
[    7.009998] [drm] global init.
[    7.015033] [TTM] Zone  kernel: Available graphics memory: 253772 kiB.
[    7.015138] [TTM] Initializing pool allocator.
[    7.024148] mtrr: your BIOS has configured an incorrect mask, fixing it.
[    7.024262] mtrr: your BIOS has configured an incorrect mask, fixing it.
[    7.033523] [drm] width 640
[    7.033580] [drm] height 480
[    7.033633] [drm] bpp 32
[    7.036315] [drm] Fifo max 0x00200000 min 0x00001000 cap 0x0000007f
[    7.249218] [drm] Not using screen objects, missing cap SCREEN_OBJECT_2
[    7.249352] [drm] Supports vblank timestamp caching Rev 1 (10.10.2010).
[    7.249386] [drm] No driver support for vblank timestamp query.
[    7.249595] [drm] Detected no device 3D availability.
[    7.277116] input: ImPS/2 Generic Wheel Mouse as /devices/platform/i8042/serio1/input/input2
[    7.289090] [drm] Initialized vmwgfx 2.3.0 20111025 for 0000:00:0f.0 on minor 0
[    7.454796] ppdev: user-space parallel port driver
[    8.018034] type=1400 audit(1351416177.076:2): apparmor="STATUS" operation="profile_load" name="/sbin/dhclient" pid=423 comm="apparmor_parser"
[    8.019034] type=1400 audit(1351416177.076:3): apparmor="STATUS" operation="profile_load" name="/usr/lib/NetworkManager/nm-dhcp-client.action" pid=423 comm="apparmor_parser"
[    8.019461] type=1400 audit(1351416177.076:4): apparmor="STATUS" operation="profile_load" name="/usr/lib/connman/scripts/dhclient-script" pid=423 comm="apparmor_parser"
[    8.020101] type=1400 audit(1351416177.080:5): apparmor="STATUS" operation="profile_replace" name="/sbin/dhclient" pid=424 comm="apparmor_parser"
[    8.021057] type=1400 audit(1351416177.080:6): apparmor="STATUS" operation="profile_replace" name="/usr/lib/NetworkManager/nm-dhcp-client.action" pid=424 comm="apparmor_parser"
[    8.021413] type=1400 audit(1351416177.080:7): apparmor="STATUS" operation="profile_replace" name="/usr/lib/connman/scripts/dhclient-script" pid=424 comm="apparmor_parser"
[    8.022715] type=1400 audit(1351416177.080:8): apparmor="STATUS" operation="profile_replace" name="/sbin/dhclient" pid=429 comm="apparmor_parser"
[    8.023363] type=1400 audit(1351416177.080:9): apparmor="STATUS" operation="profile_replace" name="/usr/lib/NetworkManager/nm-dhcp-client.action" pid=429 comm="apparmor_parser"
[    8.023727] type=1400 audit(1351416177.080:10): apparmor="STATUS" operation="profile_replace" name="/usr/lib/connman/scripts/dhclient-script" pid=429 comm="apparmor_parser"
[    8.637751] init: udev-fallback-graphics main process (505) terminated with status 1
[    9.258846] [drm] width 640
[    9.258860] [drm] height 480
[    9.258867] [drm] bpp 32
[    9.287672] [drm] Fifo max 0x00200000 min 0x00001000 cap 0x0000007f
[    9.354627] [drm] width 640
[    9.354635] [drm] height 480
[    9.354639] [drm] bpp 32
[    9.368885] [drm] Fifo max 0x00200000 min 0x00001000 cap 0x0000007f
[    9.373954] [drm] width 640
[    9.373963] [drm] height 480
[    9.373967] [drm] bpp 32
[    9.392226] [drm] Fifo max 0x00200000 min 0x00001000 cap 0x0000007f
[   10.483021] pcnet32 0000:02:02.0: eth1: link up
[   11.641257] pcnet32 0000:02:00.0: eth0: link up
[   14.313329] init: failsafe main process (546) killed by TERM signal
[   14.663282] type=1400 audit(1351416183.720:11): apparmor="STATUS" operation="profile_replace" name="/sbin/dhclient" pid=730 comm="apparmor_parser"
[   14.664050] type=1400 audit(1351416183.720:12): apparmor="STATUS" operation="profile_replace" name="/usr/lib/NetworkManager/nm-dhcp-client.action" pid=730 comm="apparmor_parser"
[   14.664799] type=1400 audit(1351416183.724:13): apparmor="STATUS" operation="profile_replace" name="/usr/lib/connman/scripts/dhclient-script" pid=730 comm="apparmor_parser"
[   14.771359] type=1400 audit(1351416183.832:14): apparmor="STATUS" operation="profile_load" name="/usr/sbin/mysqld" pid=731 comm="apparmor_parser"
[   14.819990] type=1400 audit(1351416183.880:15): apparmor="STATUS" operation="profile_load" name="/usr/sbin/tcpdump" pid=733 comm="apparmor_parser"
[   15.868626] type=1400 audit(1351416184.928:16): apparmor="STATUS" operation="profile_replace" name="/usr/sbin/mysqld" pid=814 comm="apparmor_parser"
[   21.896615] eth1: no IPv6 routers present
[   23.024083] eth0: no IPv6 routers present
